---
source: examples/hex_battle/render.rs
expression: view
---
························································│·······················
·/··\/D2\/··\/··\/··\/··\/··\/··\/··\/··\/··\/··\·······│Blue·0/4·······Red·0/4·
·\──/\──/\──/\──/\──/\──/\──/\──/\──/\──/\──/\──/·······│·······················
···/··\/T4\/··\/··\/··\/··\/··\/··\/··\/··\/··\/··\·····│Turn·1:·BLUE·Advance···
···\──/\──/\──/\──/\──/\──/\──/\──/\──/\──/\──/\──/·····│·······················
·/··\/··\/T4\/··\/··\/··\/T4\/··\/··\/··\/··\/··\·······│──────────────────────·
·\──/\──/\──/\──/\──/\──/\──/\──/\──/\──/\──/\──/·······│Events·················
···/··\/··\/··\/··\/··\/··\/··\/··\/··\/··\/··\/··\·····│Turn·1:·BLUE·plays·Adv·
···\──/\──/\──/\──/\──/\──/\──/\──/\──/\──/\──/\──/·····│·······················
·/··\/··\/··\/T4\/··\/··\/··\/T2\/··\/··\/··\/··\·······│·······················
·\──/\──/\──/\──/\──/\──/\──/\──/\──/\──/\──/\──/·······│·······················
···/··\/··\/··\/T3\/··\/T3\/··\/··\/T1\/T3\/T3\/··\·····│·······················
···\──/\──/\──/\──/\──/\──/\──/\──/\──/\──/\──/\──/·····│·······················
·/··\/··\/··\/··\/T3\/··\/T3\/··\/··\/T3\/T3\/T3\·······│·······················
·\──/\──/\──/\──/\──/\──/\──/\──/\──/\──/\──/\──/·······│·······················
························································│·······················
························································│·······················
························································│·······················
························································│·······················
························································│·······················
────────────────────────────────────────────────────────────────────────────────
·Blue:·[Advance]·[Assault]·[Scout]·[Regroup]····································
·Red:··[Advance]·[Assault]·[Blitz]··············································
·◄·Prev···►·Next···[Q]·Quit░░░░░░░░░░░░░░░░░░░░░░░░░░░░░░░░░░░░░░░░░░░░··1·/·3··
