---
source: tests/e2e_snapshots.rs
expression: svg
---
<svg xmlns="http://www.w3.org/2000/svg" width="856" height="448">
<rect width="100%" height="100%" fill="#111111"/>
<text font-family="monospace" font-size="14" y="26.0">
  <tspan fill="#cccccc" x="8.0" style="background:#0f1423">                                                        </tspan>
  <tspan fill="#283755" x="478.4" style="background:#0f1423">│</tspan>
  <tspan fill="#cccccc" x="486.8" style="background:#121728">                                           </tspan>
</text>
<text font-family="monospace" font-size="14" y="44.0">
  <tspan fill="#cccccc" x="8.0" style="background:#0f1423"> </tspan>
  <tspan fill="#283755" x="16.4" style="background:#16233a">/  \/</tspan>
  <tspan fill="#4682d2" x="58.4" style="background:#16233a">D2</tspan>
  <tspan fill="#283755" x="75.2" style="background:#16233a">\/  \/  \/  \/  \/  \/  \/  \/  \/  \/  \</tspan>
  <tspan fill="#cccccc" x="419.6" style="background:#0f1423">       </tspan>
  <tspan fill="#283755" x="478.4" style="background:#0f1423">│</tspan>
  <tspan fill="#4682d2" x="486.8" style="background:#121728">Blue 0/4</tspan>
  <tspan fill="#cccccc" x="554.0" style="background:#121728">                           </tspan>
  <tspan fill="#d24141" x="780.8" style="background:#121728">Red 0/4</tspan>
  <tspan fill="#cccccc" x="839.6" style="background:#121728"> </tspan>
</text>
<text font-family="monospace" font-size="14" y="62.0">
  <tspan fill="#cccccc" x="8.0" style="background:#0f1423"> </tspan>
  <tspan fill="#283755" x="16.4" style="background:#16233a">\──/\──/\──/\──/\──/\──/\──/\──/\──/\──/\──/\──/</tspan>
  <tspan fill="#cccccc" x="419.6" style="background:#0f1423">       </tspan>
  <tspan fill="#283755" x="478.4" style="background:#0f1423">│</tspan>
  <tspan fill="#cccccc" x="486.8" style="background:#121728">                                           </tspan>
</text>
<text font-family="monospace" font-size="14" y="80.0">
  <tspan fill="#cccccc" x="8.0" style="background:#0f1423">   </tspan>
  <tspan fill="#283755" x="33.2" style="background:#16233a">/  \/</tspan>
  <tspan fill="#4682d2" x="75.2" style="background:#16233a">T4</tspan>
  <tspan fill="#283755" x="92.0" style="background:#16233a">\/  \/  \/  \/  \/  \/  \/  \/  \/  \/  \</tspan>
  <tspan fill="#cccccc" x="436.4" style="background:#0f1423">     </tspan>
  <tspan fill="#283755" x="478.4" style="background:#0f1423">│</tspan>
  <tspan fill="#5a647d" x="486.8" style="background:#192641">Turn 1:</tspan>
  <tspan fill="#cccccc" x="545.6" style="background:#192641"> </tspan>
  <tspan fill="#4682d2" x="554.0" style="background:#192641">BLUE</tspan>
  <tspan fill="#cccccc" x="587.6" style="background:#192641"> </tspan>
  <tspan fill="#c8c8d2" x="596.0" style="background:#192641">Advance</tspan>
  <tspan fill="#cccccc" x="654.8" style="background:#192641">                      </tspan>
  <tspan fill="#cccccc" x="839.6" style="background:#121728"> </tspan>
</text>
<text font-family="monospace" font-size="14" y="98.0">
  <tspan fill="#cccccc" x="8.0" style="background:#0f1423">   </tspan>
  <tspan fill="#283755" x="33.2" style="background:#16233a">\──/\──/\──/\──/\──/\──/\──/\──/\──/\──/\──/\──/</tspan>
  <tspan fill="#cccccc" x="436.4" style="background:#0f1423">     </tspan>
  <tspan fill="#283755" x="478.4" style="background:#0f1423">│</tspan>
  <tspan fill="#cccccc" x="486.8" style="background:#121728">                                           </tspan>
</text>
<text font-family="monospace" font-size="14" y="116.0">
  <tspan fill="#cccccc" x="8.0" style="background:#0f1423"> </tspan>
  <tspan fill="#283755" x="16.4" style="background:#16233a">/  \/  \/</tspan>
  <tspan fill="#4682d2" x="92.0" style="background:#16233a">T4</tspan>
  <tspan fill="#283755" x="108.8" style="background:#16233a">\/  \/  \/  \/</tspan>
  <tspan fill="#d24141" x="226.4" style="background:#16233a">T4</tspan>
  <tspan fill="#283755" x="243.2" style="background:#16233a">\/  \/  \/  \/  \/  \</tspan>
  <tspan fill="#cccccc" x="419.6" style="background:#0f1423">       </tspan>
  <tspan fill="#283755" x="478.4" style="background:#0f1423">│</tspan>
  <tspan fill="#283755" x="486.8" style="background:#121728">──────────────────────────────────────────</tspan>
  <tspan fill="#cccccc" x="839.6" style="background:#121728"> </tspan>
</text>
<text font-family="monospace" font-size="14" y="134.0">
  <tspan fill="#cccccc" x="8.0" style="background:#0f1423"> </tspan>
  <tspan fill="#283755" x="16.4" style="background:#16233a">\──/\──/\──/\──/\──/\──/\──/\──/\──/\──/\──/\──/</tspan>
  <tspan fill="#cccccc" x="419.6" style="background:#0f1423">       </tspan>
  <tspan fill="#283755" x="478.4" style="background:#0f1423">│</tspan>
  <tspan fill="#5a647d" x="486.8" style="background:#121728">Events</tspan>
  <tspan fill="#cccccc" x="537.2" style="background:#121728">                                     </tspan>
</text>
<text font-family="monospace" font-size="14" y="152.0">
  <tspan fill="#cccccc" x="8.0" style="background:#0f1423">   </tspan>
  <tspan fill="#283755" x="33.2" style="background:#16233a">/  \/  \/  \/  \/  \/  \/  \/  \/  \/  \/  \/  \</tspan>
  <tspan fill="#cccccc" x="436.4" style="background:#0f1423">     </tspan>
  <tspan fill="#283755" x="478.4" style="background:#0f1423">│</tspan>
  <tspan fill="#4682d2" x="486.8" style="background:#121728">Turn 1: BLUE plays Advance</tspan>
  <tspan fill="#cccccc" x="705.2" style="background:#121728">                 </tspan>
</text>
<text font-family="monospace" font-size="14" y="170.0">
  <tspan fill="#cccccc" x="8.0" style="background:#0f1423">   </tspan>
  <tspan fill="#283755" x="33.2" style="background:#16233a">\──/\──/\──/\──/\──/\──/\──/\──/\──/\──/\──/\──/</tspan>
  <tspan fill="#cccccc" x="436.4" style="background:#0f1423">     </tspan>
  <tspan fill="#283755" x="478.4" style="background:#0f1423">│</tspan>
  <tspan fill="#cccccc" x="486.8" style="background:#121728">                                           </tspan>
</text>
<text font-family="monospace" font-size="14" y="188.0">
  <tspan fill="#cccccc" x="8.0" style="background:#0f1423"> </tspan>
  <tspan fill="#283755" x="16.4" style="background:#16233a">/  \/  \/  \/</tspan>
  <tspan fill="#4682d2" x="125.6" style="background:#16233a">T4</tspan>
  <tspan fill="#283755" x="142.4" style="background:#16233a">\/  \/  \/  \/</tspan>
  <tspan fill="#d24141" x="260.0" style="background:#16233a">T2</tspan>
  <tspan fill="#283755" x="276.8" style="background:#16233a">\/  \/  \/  \/  \</tspan>
  <tspan fill="#cccccc" x="419.6" style="background:#0f1423">       </tspan>
  <tspan fill="#283755" x="478.4" style="background:#0f1423">│</tspan>
  <tspan fill="#cccccc" x="486.8" style="background:#121728">                                           </tspan>
</text>
<text font-family="monospace" font-size="14" y="206.0">
  <tspan fill="#cccccc" x="8.0" style="background:#0f1423"> </tspan>
  <tspan fill="#283755" x="16.4" style="background:#16233a">\──/\──/\──/\──/\──/\──/\──/\──/\──/\──/\──/\──/</tspan>
  <tspan fill="#cccccc" x="419.6" style="background:#0f1423">       </tspan>
  <tspan fill="#283755" x="478.4" style="background:#0f1423">│</tspan>
  <tspan fill="#cccccc" x="486.8" style="background:#121728">                                           </tspan>
</text>
<text font-family="monospace" font-size="14" y="224.0">
  <tspan fill="#cccccc" x="8.0" style="background:#0f1423">   </tspan>
  <tspan fill="#283755" x="33.2" style="background:#16233a">/  \/  \/  \/</tspan>
  <tspan fill="#4682d2" x="142.4" style="background:#16233a">T3</tspan>
  <tspan fill="#283755" x="159.2" style="background:#16233a">\/  \/</tspan>
  <tspan fill="#4682d2" x="209.6" style="background:#16233a">T3</tspan>
  <tspan fill="#283755" x="226.4" style="background:#16233a">\/  \/  \/</tspan>
  <tspan fill="#d24141" x="310.4" style="background:#16233a">T1</tspan>
  <tspan fill="#283755" x="327.2" style="background:#16233a">\/</tspan>
  <tspan fill="#d24141" x="344.0" style="background:#16233a">T3</tspan>
  <tspan fill="#283755" x="360.8" style="background:#16233a">\/</tspan>
  <tspan fill="#d24141" x="377.6" style="background:#16233a">T3</tspan>
  <tspan fill="#283755" x="394.4" style="background:#16233a">\/  \</tspan>
  <tspan fill="#cccccc" x="436.4" style="background:#0f1423">     </tspan>
  <tspan fill="#283755" x="478.4" style="background:#0f1423">│</tspan>
  <tspan fill="#cccccc" x="486.8" style="background:#121728">                                           </tspan>
</text>
<text font-family="monospace" font-size="14" y="242.0">
  <tspan fill="#cccccc" x="8.0" style="background:#0f1423">   </tspan>
  <tspan fill="#283755" x="33.2" style="background:#16233a">\──/\──/\──/\──/\──/\──/\──/\──/\──/\──/\──/\──/</tspan>
  <tspan fill="#cccccc" x="436.4" style="background:#0f1423">     </tspan>
  <tspan fill="#283755" x="478.4" style="background:#0f1423">│</tspan>
  <tspan fill="#cccccc" x="486.8" style="background:#121728">                                           </tspan>
</text>
<text font-family="monospace" font-size="14" y="260.0">
  <tspan fill="#cccccc" x="8.0" style="background:#0f1423"> </tspan>
  <tspan fill="#283755" x="16.4" style="background:#16233a">/  \/  \/  \/  \/</tspan>
  <tspan fill="#4682d2" x="159.2" style="background:#16233a">T3</tspan>
  <tspan fill="#283755" x="176.0" style="background:#16233a">\/  \/</tspan>
  <tspan fill="#4682d2" x="226.4" style="background:#16233a">T3</tspan>
  <tspan fill="#283755" x="243.2" style="background:#16233a">\/  \/  \/</tspan>
  <tspan fill="#d24141" x="327.2" style="background:#16233a">T3</tspan>
  <tspan fill="#283755" x="344.0" style="background:#16233a">\/</tspan>
  <tspan fill="#d24141" x="360.8" style="background:#16233a">T3</tspan>
  <tspan fill="#283755" x="377.6" style="background:#16233a">\/</tspan>
  <tspan fill="#d24141" x="394.4" style="background:#16233a">T3</tspan>
  <tspan fill="#283755" x="411.2" style="background:#16233a">\</tspan>
  <tspan fill="#cccccc" x="419.6" style="background:#0f1423">       </tspan>
  <tspan fill="#283755" x="478.4" style="background:#0f1423">│</tspan>
  <tspan fill="#cccccc" x="486.8" style="background:#121728">                                           </tspan>
</text>
<text font-family="monospace" font-size="14" y="278.0">
  <tspan fill="#cccccc" x="8.0" style="background:#0f1423"> </tspan>
  <tspan fill="#283755" x="16.4" style="background:#16233a">\──/\──/\──/\──/\──/\──/\──/\──/\──/\──/\──/\──/</tspan>
  <tspan fill="#cccccc" x="419.6" style="background:#0f1423">       </tspan>
  <tspan fill="#283755" x="478.4" style="background:#0f1423">│</tspan>
  <tspan fill="#cccccc" x="486.8" style="background:#121728">                                           </tspan>
</text>
<text font-family="monospace" font-size="14" y="296.0">
  <tspan fill="#cccccc" x="8.0" style="background:#0f1423">                                                        </tspan>
  <tspan fill="#283755" x="478.4" style="background:#0f1423">│</tspan>
  <tspan fill="#cccccc" x="486.8" style="background:#121728">                                           </tspan>
</text>
<text font-family="monospace" font-size="14" y="314.0">
  <tspan fill="#cccccc" x="8.0" style="background:#0f1423">                                                        </tspan>
  <tspan fill="#283755" x="478.4" style="background:#0f1423">│</tspan>
  <tspan fill="#cccccc" x="486.8" style="background:#121728">                                           </tspan>
</text>
<text font-family="monospace" font-size="14" y="332.0">
  <tspan fill="#cccccc" x="8.0" style="background:#0f1423">                                                        </tspan>
  <tspan fill="#283755" x="478.4" style="background:#0f1423">│</tspan>
  <tspan fill="#cccccc" x="486.8" style="background:#121728">                                           </tspan>
</text>
<text font-family="monospace" font-size="14" y="350.0">
  <tspan fill="#cccccc" x="8.0" style="background:#0f1423">                                                        </tspan>
  <tspan fill="#283755" x="478.4" style="background:#0f1423">│</tspan>
  <tspan fill="#cccccc" x="486.8" style="background:#121728">                                           </tspan>
</text>
<text font-family="monospace" font-size="14" y="368.0">
  <tspan fill="#cccccc" x="8.0" style="background:#0f1423">                                                        </tspan>
  <tspan fill="#283755" x="478.4" style="background:#0f1423">│</tspan>
  <tspan fill="#cccccc" x="486.8" style="background:#121728">                                           </tspan>
</text>
<text font-family="monospace" font-size="14" y="386.0">
  <tspan fill="#283755" x="8.0" style="background:#0f1423">────────────────────────────────────────────────────────────────────────────────────────────────────</tspan>
</text>
<text font-family="monospace" font-size="14" y="404.0">
  <tspan fill="#cccccc" x="8.0" style="background:#0f1423"> </tspan>
  <tspan fill="#4682d2" x="16.4" style="background:#0f1423">Blue:</tspan>
  <tspan fill="#cccccc" x="58.4" style="background:#0f1423"> </tspan>
  <tspan fill="#c8c8d2" x="66.8" style="background:#0f1423">[Advance]</tspan>
  <tspan fill="#cccccc" x="142.4" style="background:#0f1423"> </tspan>
  <tspan fill="#c8c8d2" x="150.8" style="background:#0f1423">[Assault]</tspan>
  <tspan fill="#cccccc" x="226.4" style="background:#0f1423"> </tspan>
  <tspan fill="#c8c8d2" x="234.8" style="background:#0f1423">[Scout]</tspan>
  <tspan fill="#cccccc" x="293.6" style="background:#0f1423"> </tspan>
  <tspan fill="#c8c8d2" x="302.0" style="background:#0f1423">[Regroup]</tspan>
  <tspan fill="#cccccc" x="377.6" style="background:#0f1423">                                                        </tspan>
</text>
<text font-family="monospace" font-size="14" y="422.0">
  <tspan fill="#cccccc" x="8.0" style="background:#0f1423"> </tspan>
  <tspan fill="#d24141" x="16.4" style="background:#0f1423">Red: </tspan>
  <tspan fill="#cccccc" x="58.4" style="background:#0f1423"> </tspan>
  <tspan fill="#c8c8d2" x="66.8" style="background:#0f1423">[Advance]</tspan>
  <tspan fill="#cccccc" x="142.4" style="background:#0f1423"> </tspan>
  <tspan fill="#c8c8d2" x="150.8" style="background:#0f1423">[Assault]</tspan>
  <tspan fill="#cccccc" x="226.4" style="background:#0f1423"> </tspan>
  <tspan fill="#f0c850" x="234.8" style="background:#0f1423">[Blitz]</tspan>
  <tspan fill="#cccccc" x="293.6" style="background:#0f1423">                                                                  </tspan>
</text>
<text font-family="monospace" font-size="14" y="440.0">
  <tspan fill="#cccccc" x="8.0" style="background:#0f1423"> </tspan>
  <tspan fill="#5a647d" x="16.4" style="background:#0f1423">◄ Prev   ► Next   [Q] Quit░░░░░░░░░░░░░░░░░░░░░░░░░░░░░░░░░░░░░░░░░░░░░░░░░░░░░░░░░░░░░░░░</tspan>
  <tspan fill="#cccccc" x="772.4" style="background:#0f1423">  </tspan>
  <tspan fill="#c8c8d2" x="789.2" style="background:#0f1423">1 / 3</tspan>
  <tspan fill="#cccccc" x="831.2" style="background:#0f1423"> </tspan>
  <tspan fill="#cccccc" x="839.6"> </tspan>
</text>
</svg>
