---
source: examples/tests/01_hello_world.rs
assertion_line: 17
expression: "support::headless_snapshot::<HelloWorld>(1)"
---
··················································
··················································
··················································
··················································
··················································
··················································
··················································
··················································
··················································
··················································
··················································
··················································
··················Hello,·world!···················
··················································
··················································
··················································
··················································
··················································
··················································
··················································
··················································
··················································
··················································
··················································
··················································
