---
source: examples/tests/02_colors.rs
expression: "support::headless_snapshot::<Colors>(1)"
---
··················································
·Ansi·(16·standard·colors):·······················
··················································
··················································
·Indexed·(sampled·across·0..256):·················
··················································
··················································
·Rgb·(24-bit·gradient,·red·channel·0..255):·······
··················································
··················································
·Default·(backend's·configured·fg/bg):············
··················································
··················································
·Inverse·video·(fg/bg·swap·is·the·only·"styled·tex
·normal:·yellow·on·blue···························
·inverse:·blue·on·yellow··························
··················································
·Blend·modes·(blit_alpha,·warm/cool,·alpha·0..1):·
·Linear:··········································
·Screen:··········································
·Dodge:···········································
·Burn:············································
·Overlay:·········································
··················································
··················································
