---
source: examples/tests/03_keyboard.rs
expression: "headless_keyboard_snapshot::<Keyboard>(&events)"
---
··················································
·Press·any·key·(arrows,·modifiers,·F-keys·all·deco
·q·/·Escape·quits.································
··················································
·Last·key:·a······································
··················································
·Log·(oldest·first):······························
·a················································
··················································
··················································
··················································
··················································
··················································
··················································
··················································
··················································
··················································
··················································
··················································
··················································
··················································
··················································
··················································
··················································
··················································

--- frame ---
··················································
·Press·any·key·(arrows,·modifiers,·F-keys·all·deco
·q·/·Escape·quits.································
··················································
·Last·key:·Left···································
··················································
·Log·(oldest·first):······························
·a················································
·Left·············································
··················································
··················································
··················································
··················································
··················································
··················································
··················································
··················································
··················································
··················································
··················································
··················································
··················································
··················································
··················································
··················································

--- frame ---
··················································
·Press·any·key·(arrows,·modifiers,·F-keys·all·deco
·q·/·Escape·quits.································
··················································
·Last·key:·Right··································
··················································
·Log·(oldest·first):······························
·a················································
·Left·············································
·Right············································
··················································
··················································
··················································
··················································
··················································
··················································
··················································
··················································
··················································
··················································
··················································
··················································
··················································
··················································
··················································

--- frame ---
··················································
·Press·any·key·(arrows,·modifiers,·F-keys·all·deco
·q·/·Escape·quits.································
··················································
·Last·key:·Up·····································
··················································
·Log·(oldest·first):······························
·a················································
·Left·············································
·Right············································
·Up···············································
··················································
··················································
··················································
··················································
··················································
··················································
··················································
··················································
··················································
··················································
··················································
··················································
··················································
··················································

--- frame ---
··················································
·Press·any·key·(arrows,·modifiers,·F-keys·all·deco
·q·/·Escape·quits.································
··················································
·Last·key:·Down···································
··················································
·Log·(oldest·first):······························
·a················································
·Left·············································
·Right············································
·Up···············································
·Down·············································
··················································
··················································
··················································
··················································
··················································
··················································
··················································
··················································
··················································
··················································
··················································
··················································
··················································

--- frame ---
··················································
·Press·any·key·(arrows,·modifiers,·F-keys·all·deco
·q·/·Escape·quits.································
··················································
·Last·key:·F5·····································
··················································
·Log·(oldest·first):······························
·a················································
·Left·············································
·Right············································
·Up···············································
·Down·············································
·F5···············································
··················································
··················································
··················································
··················································
··················································
··················································
··················································
··················································
··················································
··················································
··················································
··················································

--- frame ---
··················································
·Press·any·key·(arrows,·modifiers,·F-keys·all·deco
·q·/·Escape·quits.································
··················································
·Last·key:·Ctrl+s·································
··················································
·Log·(oldest·first):······························
·a················································
·Left·············································
·Right············································
·Up···············································
·Down·············································
·F5···············································
·Ctrl+s···········································
··················································
··················································
··················································
··················································
··················································
··················································
··················································
··················································
··················································
··················································
··················································

--- frame ---
··················································
·Press·any·key·(arrows,·modifiers,·F-keys·all·deco
·q·/·Escape·quits.································
··················································
·Last·key:·Ctrl+Shift+z···························
··················································
·Log·(oldest·first):······························
·a················································
·Left·············································
·Right············································
·Up···············································
·Down·············································
·F5···············································
·Ctrl+s···········································
·Ctrl+Shift+z·····································
··················································
··················································
··················································
··················································
··················································
··················································
··················································
··················································
··················································
··················································
