---
source: examples/tests/04_mouse.rs
expression: drive(&events)
---
··················································
·Move·the·mouse·and·click;·q·/·Escape·quits.······
··················································
··················································
··················································
··················································
·Position:·(10,·5)································
·Last·event:·Moved································
·Clicks:·0········································
··················································
··················································
··················································
··················································
··················································
··················································
··················································
··················································
··················································
··················································
··················································
··················································
··················································
··················································
··················································
··················································

--- frame ---
··················································
·Move·the·mouse·and·click;·q·/·Escape·quits.······
··················································
··················································
··················································
··················································
·Position:·(10,·5)································
·Last·event:·Down(Left)···························
·Clicks:·1········································
··················································
··················································
··················································
··················································
··················································
··················································
··················································
··················································
··················································
··················································
··················································
··················································
··················································
··················································
··················································
··················································

--- frame ---
··················································
·Move·the·mouse·and·click;·q·/·Escape·quits.······
··················································
··················································
··················································
··················································
·Position:·(10,·5)································
·Last·event:·Up(Left)·····························
·Clicks:·1········································
··················································
··················································
··················································
··················································
··················································
··················································
··················································
··················································
··················································
··················································
··················································
··················································
··················································
··················································
··················································
··················································
