---
source: examples/tests/04_mouse.rs
expression: "views.join(\"\\n\")"
---
-- tick 1 --
··················································
·Move·the·mouse·and·click;·q·/·Escape·quits.······
··················································
·waiting·for·mouse·motion...······················
··················································
··················································
·Position:·(none·yet)·····························
·Last·event:·(none·yet)···························
·Clicks:·0········································
··················································
··················································
··················································
··················································
··················································
··················································
··················································
··················································
··················································
··················································
··················································
··················································
··················································
··················································
··················································
··················································

-- tick 60 --
··················································
·Move·the·mouse·and·click;·q·/·Escape·quits.······
··················································
·waiting·for·mouse·motion...······················
··················································
··················································
·Position:·(none·yet)·····························
·Last·event:·(none·yet)···························
·Clicks:·0········································
··················································
··················································
··················································
··················································
··················································
··················································
··················································
··················································
··················································
··················································
··················································
··················································
··················································
··················································
··················································
··················································

-- tick 130 --
··················································
·Move·the·mouse·and·click;·q·/·Escape·quits.······
··················································
·motion·unavailable·on·this·backend···············
·(click·tracking·still·works·below)···············
··················································
·Position:·(none·yet)·····························
·Last·event:·(none·yet)···························
·Clicks:·0········································
··················································
··················································
··················································
··················································
··················································
··················································
··················································
··················································
··················································
··················································
··················································
··················································
··················································
··················································
··················································
··················································
