---
source: examples/tests/05_layout_grid.rs
expression: "support::headless_snapshot::<LayoutGrid>(1)"
---
┌────────────────────────────────────────────────┐
│················································│
│················································│
│················································│
│·····················Pane·A·····················│
│················································│
│················································│
└────────────────────────────────────────────────┘
┌──────────────┐┌───────────────┐┌───────────────┐
│··············││···············││···············│
│··············││···············││···············│
│··············││···············││···············│
│··············││···············││···············│
│··············││···············││···············│
│··············││···············││···············│
│··············││···············││···············│
│····Pane·B····││····Pane·C·····││····Pane·D·····│
│··············││···············││···············│
│··············││···············││···············│
│··············││···············││···············│
│··············││···············││···············│
│··············││···············││···············│
│··············││···············││···············│
│··············││···············││···············│
└──────────────┘└───────────────┘└───────────────┘
