---
source: examples/tests/06_layers.rs
expression: "support::headless_snapshot::<Layers>(3)"
---
··················································
·Layer·0:·background·fill.·Layer·1:·moving·glyph.·
·q·/·Escape·quits.································
··················································
··················································
··················································
··················································
··················································
··················································
··················································
·@...............................................·
··················································
··················································
··················································
··················································
··················································
··················································
··················································
··················································
··················································
··················································
··················································
··················································
··················································
··················································

--- frame ---
··················································
·Layer·0:·background·fill.·Layer·1:·moving·glyph.·
·q·/·Escape·quits.································
··················································
··················································
··················································
··················································
··················································
··················································
··················································
·.@..............................................·
··················································
··················································
··················································
··················································
··················································
··················································
··················································
··················································
··················································
··················································
··················································
··················································
··················································
··················································

--- frame ---
··················································
·Layer·0:·background·fill.·Layer·1:·moving·glyph.·
·q·/·Escape·quits.································
··················································
··················································
··················································
··················································
··················································
··················································
··················································
·..@.............................................·
··················································
··················································
··················································
··················································
··················································
··················································
··················································
··················································
··················································
··················································
··················································
··················································
··················································
··················································
