---
source: examples/tests/07_sprites_tileset.rs
expression: "views.join(\"\\n--- frame ---\\n\")"
---
··················································
·Arrows·move,·collect·$·coins;·q·/·Escape·quits.··
·Score:·0·········································
··######################··························
··#....................#··························
··#..$.............$...#··························
··#....................#··························
··#....................#··························
··#.........$..........#··························
··#....................#··························
··#........@...........#··························
··#....................#··························
··#....$...............#··························
··#....................#··························
··######################··························
··················································
··················································
··················································
··················································
··················································
··················································
··················································
··················································
··················································
··················································

--- frame ---
··················································
·Arrows·move,·collect·$·coins;·q·/·Escape·quits.··
·Score:·0·········································
··######################··························
··#....................#··························
··#..$.............$...#··························
··#....................#··························
··#....................#··························
··#.........$..........#··························
··#....................#··························
··#.......@............#··························
··#....................#··························
··#....$...............#··························
··#....................#··························
··######################··························
··················································
··················································
··················································
··················································
··················································
··················································
··················································
··················································
··················································
··················································

--- frame ---
··················································
·Arrows·move,·collect·$·coins;·q·/·Escape·quits.··
·Score:·0·········································
··######################··························
··#....................#··························
··#..$.............$...#··························
··#....................#··························
··#....................#··························
··#.........$..........#··························
··#....................#··························
··#......@.............#··························
··#....................#··························
··#....$...............#··························
··#....................#··························
··######################··························
··················································
··················································
··················································
··················································
··················································
··················································
··················································
··················································
··················································
··················································

--- frame ---
··················································
·Arrows·move,·collect·$·coins;·q·/·Escape·quits.··
·Score:·0·········································
··######################··························
··#....................#··························
··#..$.............$...#··························
··#....................#··························
··#....................#··························
··#.........$..........#··························
··#....................#··························
··#.....@..............#··························
··#....................#··························
··#....$...............#··························
··#....................#··························
··######################··························
··················································
··················································
··················································
··················································
··················································
··················································
··················································
··················································
··················································
··················································

--- frame ---
··················································
·Arrows·move,·collect·$·coins;·q·/·Escape·quits.··
·Score:·0·········································
··######################··························
··#....................#··························
··#..$.............$...#··························
··#....................#··························
··#....................#··························
··#.........$..........#··························
··#....................#··························
··#....@...............#··························
··#....................#··························
··#....$...............#··························
··#....................#··························
··######################··························
··················································
··················································
··················································
··················································
··················································
··················································
··················································
··················································
··················································
··················································

--- frame ---
··················································
·Arrows·move,·collect·$·coins;·q·/·Escape·quits.··
·Score:·0·········································
··######################··························
··#....................#··························
··#..$.............$...#··························
··#....................#··························
··#....................#··························
··#.........$..........#··························
··#....................#··························
··#....................#··························
··#....@...............#··························
··#....$...............#··························
··#....................#··························
··######################··························
··················································
··················································
··················································
··················································
··················································
··················································
··················································
··················································
··················································
··················································

--- frame ---
··················································
·Arrows·move,·collect·$·coins;·q·/·Escape·quits.··
·Score:·1·········································
··######################··························
··#....................#··························
··#..$.............$...#··························
··#....................#··························
··#....................#··························
··#.........$..........#··························
··#....................#··························
··#....................#··························
··#....................#··························
··#....@...............#··························
··#....................#··························
··######################··························
··················································
··················································
··················································
··················································
··················································
··················································
··················································
··················································
··················································
··················································
