---
source: examples/tests/07_sprites_tileset.rs
expression: "views.join(\"\\n--- frame ---\\n\")"
---
··················································
·Arrows·move;·collect·$·coins·and·open·the·chest··
·Score:·0···q·/·Escape·quits······················
··######################··························
··#....................#··························
··#..$.............$...#··························
··#....................#··························
··#....................#··························
··#.........$..........#··························
··#.........@...[==]...#··························
··#.............|__|...#··························
··#....................#··························
··#....$...............#··························
··#....................#··························
··######################··························
··················································
··················································
··················································
··················································
··················································
··················································
··················································
··················································
··················································
··················································

--- frame ---
··················································
·Arrows·move;·collect·$·coins·and·open·the·chest··
·Score:·1···q·/·Escape·quits······················
··######################··························
··#....................#··························
··#..$.............$...#··························
··#....................#··························
··#....................#··························
··#.........@..........#··························
··#.............[==]...#··························
··#.............|__|...#··························
··#....................#··························
··#....$...............#··························
··#....................#··························
··######################··························
··················································
··················································
··················································
··················································
··················································
··················································
··················································
··················································
··················································
··················································

--- frame ---
··················································
·Arrows·move;·collect·$·coins·and·open·the·chest··
·Score:·1···q·/·Escape·quits······················
··######################··························
··#....................#··························
··#..$.............$...#··························
··#....................#··························
··#....................#··························
··#....................#··························
··#.........@...[==]...#··························
··#.............|__|...#··························
··#....................#··························
··#....$...............#··························
··#....................#··························
··######################··························
··················································
··················································
··················································
··················································
··················································
··················································
··················································
··················································
··················································
··················································

--- frame ---
··················································
·Arrows·move;·collect·$·coins·and·open·the·chest··
·Score:·1···q·/·Escape·quits······················
··######################··························
··#....................#··························
··#..$.............$...#··························
··#....................#··························
··#....................#··························
··#....................#··························
··#.............[==]...#··························
··#.........@...|__|...#··························
··#....................#··························
··#....$...............#··························
··#....................#··························
··######################··························
··················································
··················································
··················································
··················································
··················································
··················································
··················································
··················································
··················································
··················································

--- frame ---
··················································
·Arrows·move;·collect·$·coins·and·open·the·chest··
·Score:·1···q·/·Escape·quits······················
··######################··························
··#....................#··························
··#..$.............$...#··························
··#....................#··························
··#....................#··························
··#....................#··························
··#.............[==]...#··························
··#..........@..|__|...#··························
··#....................#··························
··#....$...............#··························
··#....................#··························
··######################··························
··················································
··················································
··················································
··················································
··················································
··················································
··················································
··················································
··················································
··················································

--- frame ---
··················································
·Arrows·move;·collect·$·coins·and·open·the·chest··
·Score:·1···q·/·Escape·quits······················
··######################··························
··#....................#··························
··#..$.............$...#··························
··#....................#··························
··#....................#··························
··#....................#··························
··#.............[==]...#··························
··#...........@.|__|...#··························
··#....................#··························
··#....$...............#··························
··#....................#··························
··######################··························
··················································
··················································
··················································
··················································
··················································
··················································
··················································
··················································
··················································
··················································

--- frame ---
··················································
·Arrows·move;·collect·$·coins·and·open·the·chest··
·Score:·1···q·/·Escape·quits······················
··######################··························
··#....................#··························
··#..$.............$...#··························
··#....................#··························
··#....................#··························
··#....................#··························
··#.............[==]...#··························
··#............@|__|...#··························
··#....................#··························
··#....$...............#··························
··#....................#··························
··######################··························
··················································
··················································
··················································
··················································
··················································
··················································
··················································
··················································
··················································
··················································

--- frame ---
··················································
·Arrows·move;·collect·$·coins·and·open·the·chest··
·Score:·6···q·/·Escape·quits······················
··######################··························
··#....................#··························
··#..$.............$...#··························
··#....................#··························
··#....................#··························
··#....................#··························
··#....................#··························
··#.............@......#··························
··#....................#··························
··#....$...............#··························
··#....................#··························
··######################··························
··················································
··················································
··················································
··················································
··················································
··················································
··················································
··················································
··················································
··················································
