---
source: examples/tests/08_animation.rs
expression: "support::headless_snapshot::<Animation>(12)"
---
··················································
·A·ball·travels·the·track·below·and·back;·q·/·Esca
·pe·quits.········································
··················································
··················································
··················································
··················································
··················································
··················································
··················································
··················································
··················································
·o-----------------------------------------------·
··················································
··················································
··················································
··················································
··················································
··················································
··················································
··················································
··················································
··················································
··················································
··················································

--- frame ---
··················································
·A·ball·travels·the·track·below·and·back;·q·/·Esca
·pe·quits.········································
··················································
··················································
··················································
··················································
··················································
··················································
··················································
··················································
··················································
·o-----------------------------------------------·
··················································
··················································
··················································
··················································
··················································
··················································
··················································
··················································
··················································
··················································
··················································
··················································

--- frame ---
··················································
·A·ball·travels·the·track·below·and·back;·q·/·Esca
·pe·quits.········································
··················································
··················································
··················································
··················································
··················································
··················································
··················································
··················································
··················································
·-o----------------------------------------------·
··················································
··················································
··················································
··················································
··················································
··················································
··················································
··················································
··················································
··················································
··················································
··················································

--- frame ---
··················································
·A·ball·travels·the·track·below·and·back;·q·/·Esca
·pe·quits.········································
··················································
··················································
··················································
··················································
··················································
··················································
··················································
··················································
··················································
·-----o------------------------------------------·
··················································
··················································
··················································
··················································
··················································
··················································
··················································
··················································
··················································
··················································
··················································
··················································

--- frame ---
··················································
·A·ball·travels·the·track·below·and·back;·q·/·Esca
·pe·quits.········································
··················································
··················································
··················································
··················································
··················································
··················································
··················································
··················································
··················································
·------------o-----------------------------------·
··················································
··················································
··················································
··················································
··················································
··················································
··················································
··················································
··················································
··················································
··················································
··················································

--- frame ---
··················································
·A·ball·travels·the·track·below·and·back;·q·/·Esca
·pe·quits.········································
··················································
··················································
··················································
··················································
··················································
··················································
··················································
··················································
··················································
·-----------------------o------------------------·
··················································
··················································
··················································
··················································
··················································
··················································
··················································
··················································
··················································
··················································
··················································
··················································

--- frame ---
··················································
·A·ball·travels·the·track·below·and·back;·q·/·Esca
·pe·quits.········································
··················································
··················································
··················································
··················································
··················································
··················································
··················································
··················································
··················································
·----------------------------------o-------------·
··················································
··················································
··················································
··················································
··················································
··················································
··················································
··················································
··················································
··················································
··················································
··················································

--- frame ---
··················································
·A·ball·travels·the·track·below·and·back;·q·/·Esca
·pe·quits.········································
··················································
··················································
··················································
··················································
··················································
··················································
··················································
··················································
··················································
·-----------------------------------------o------·
··················································
··················································
··················································
··················································
··················································
··················································
··················································
··················································
··················································
··················································
··················································
··················································

--- frame ---
··················································
·A·ball·travels·the·track·below·and·back;·q·/·Esca
·pe·quits.········································
··················································
··················································
··················································
··················································
··················································
··················································
··················································
··················································
··················································
·---------------------------------------------o--·
··················································
··················································
··················································
··················································
··················································
··················································
··················································
··················································
··················································
··················································
··················································
··················································

--- frame ---
··················································
·A·ball·travels·the·track·below·and·back;·q·/·Esca
·pe·quits.········································
··················································
··················································
··················································
··················································
··················································
··················································
··················································
··················································
··················································
·----------------------------------------------o-·
··················································
··················································
··················································
··················································
··················································
··················································
··················································
··················································
··················································
··················································
··················································
··················································

--- frame ---
··················································
·A·ball·travels·the·track·below·and·back;·q·/·Esca
·pe·quits.········································
··················································
··················································
··················································
··················································
··················································
··················································
··················································
··················································
··················································
·-----------------------------------------------o·
··················································
··················································
··················································
··················································
··················································
··················································
··················································
··················································
··················································
··················································
··················································
··················································

--- frame ---
··················································
·A·ball·travels·the·track·below·and·back;·q·/·Esca
·pe·quits.········································
··················································
··················································
··················································
··················································
··················································
··················································
··················································
··················································
··················································
·----------------------------------------------o-·
··················································
··················································
··················································
··················································
··················································
··················································
··················································
··················································
··················································
··················································
··················································
··················································
