---
source: examples/tests/09_widgets_dashboard.rs
expression: "views.join(\"\\n--- frame ---\\n\")"
---
·retroglyph·dashboard·--·Up/Down·selects,·q/Escape
Service············Status·····CPU·██████░░░░░··58%
api-gateway········OK·········MEM·█████░░░░░░··41%
auth···············OK·········History:············
billing············WARN···········▂▃▄▃▄▅▅▇▇▇▆▆▇██▇
search·············OK·········┌──────────────────┐
worker-queue·······DOWN·······│·Legend···········│
cache··············OK·········│·OK·/·WARN·/·DOWN·│
······························└──────────────────┘
··················································
··················································
··················································
··················································
··················································
··················································
··················································
··················································
··················································
··················································
··················································
··················································
··················································
··················································
··················································
··················································

--- frame ---
·retroglyph·dashboard·--·Up/Down·selects,·q/Escape
Service············Status·····CPU·██████░░░░░··58%
api-gateway········OK·········MEM·█████░░░░░░··41%
auth···············OK·········History:············
billing············WARN···········▂▃▄▃▄▅▅▇▇▇▆▆▇██▇
search·············OK·········┌──────────────────┐
worker-queue·······DOWN·······│·Legend···········│
cache··············OK·········│·OK·/·WARN·/·DOWN·│
······························└──────────────────┘
··················································
··················································
··················································
··················································
··················································
··················································
··················································
··················································
··················································
··················································
··················································
··················································
··················································
··················································
··················································
··················································
