---
source: examples/tests/09_widgets_dashboard.rs
expression: "views.join(\"\\n--- frame ---\\n\")"
---
·retroglyph·dashboard·--·tabs/select,·q/Esc·quits·
Service············Status·····Metrics·Alerts······
api-gateway········OK·····························
auth···············OK·········CPU·██████░░░░░··58%
billing············WARN·······MEM·█████░░░░░░··41%
search·············OK·········History:············
worker-queue·······DOWN···········▂▃▄▃▄▅▅▇▇▇▆▆▇██▇
cache··············OK·········┌──────────────────┐
······························│·Legend···········│
······························│·OK·/·WARN·/·DOWN·│
······························└──────────────────┘
··················································
··················································
··················································
··················································
··················································
··················································
··················································
··················································
··················································
··················································
··················································
··················································
··················································
··················································

--- frame ---
·retroglyph·dashboard·--·tabs/select,·q/Esc·quits·
Service············Status·····Metrics·Alerts······
api-gateway········OK·····························
auth···············OK·········CPU·██████░░░░░··58%
billing············WARN·······MEM·█████░░░░░░··41%
search·············OK·········History:············
worker-queue·······DOWN···········▂▃▄▃▄▅▅▇▇▇▆▆▇██▇
cache··············OK·········┌──────────────────┐
······························│·Legend···········│
······························│·OK·/·WARN·/·DOWN·│
······························└──────────────────┘
··················································
··················································
··················································
··················································
··················································
··················································
··················································
··················································
··················································
··················································
··················································
··················································
··················································
··················································
