---
source: examples/tests/11_sokoban.rs
expression: "drive::<Sokoban>(&solve_sequence())"
---
·Sokoban·--·arrows·move/push,·u·undoes,·r·resets,·
·q/Escape·quits·········┌────────·Status·────────┐
························│·Moves:·1···············│
··###########···········│························│
··#.........#···········│·Arrows:·move·/·push····│
··#..o...o..#···········│·u:·undo················│
··#..$...$..#···········│·r:·reset·level·········│
··#...@.....#···········│·q·/·Esc:·quit··········│
··#.........#···········│························│
··###########···········│························│
························│························│
························│························│
························│························│
························│························│
························│························│
························│························│
························│························│
························│························│
························│························│
························│························│
························│························│
························│························│
························│························│
························│························│
························└────────────────────────┘

--- frame ---
·Sokoban·--·arrows·move/push,·u·undoes,·r·resets,·
·q/Escape·quits·········┌────────·Status·────────┐
························│·Moves:·2···············│
··###########···········│························│
··#.........#···········│·Arrows:·move·/·push····│
··#..o...o..#···········│·u:·undo················│
··#..$...$..#···········│·r:·reset·level·········│
··#..@......#···········│·q·/·Esc:·quit··········│
··#.........#···········│························│
··###########···········│························│
························│························│
························│························│
························│························│
························│························│
························│························│
························│························│
························│························│
························│························│
························│························│
························│························│
························│························│
························│························│
························│························│
························│························│
························└────────────────────────┘

--- frame ---
·Sokoban·--·arrows·move/push,·u·undoes,·r·resets,·
·q/Escape·quits·········┌────────·Status·────────┐
························│·Moves:·3···············│
··###########···········│························│
··#.........#···········│·Arrows:·move·/·push····│
··#..*...o..#···········│·u:·undo················│
··#..@...$..#···········│·r:·reset·level·········│
··#.........#···········│·q·/·Esc:·quit··········│
··#.........#···········│························│
··###########···········│························│
························│························│
························│························│
························│························│
························│························│
························│························│
························│························│
························│························│
························│························│
························│························│
························│························│
························│························│
························│························│
························│························│
························│························│
························└────────────────────────┘

--- frame ---
·Sokoban·--·arrows·move/push,·u·undoes,·r·resets,·
·q/Escape·quits·········┌────────·Status·────────┐
························│·Moves:·4···············│
··###########···········│························│
··#.........#···········│·Arrows:·move·/·push····│
··#..*...o..#···········│·u:·undo················│
··#......$..#···········│·r:·reset·level·········│
··#..@......#···········│·q·/·Esc:·quit··········│
··#.........#···········│························│
··###########···········│························│
························│························│
························│························│
························│························│
························│························│
························│························│
························│························│
························│························│
························│························│
························│························│
························│························│
························│························│
························│························│
························│························│
························│························│
························└────────────────────────┘

--- frame ---
·Sokoban·--·arrows·move/push,·u·undoes,·r·resets,·
·q/Escape·quits·········┌────────·Status·────────┐
························│·Moves:·5···············│
··###########···········│························│
··#.........#···········│·Arrows:·move·/·push····│
··#..*...o..#···········│·u:·undo················│
··#......$..#···········│·r:·reset·level·········│
··#...@.....#···········│·q·/·Esc:·quit··········│
··#.........#···········│························│
··###########···········│························│
························│························│
························│························│
························│························│
························│························│
························│························│
························│························│
························│························│
························│························│
························│························│
························│························│
························│························│
························│························│
························│························│
························│························│
························└────────────────────────┘

--- frame ---
·Sokoban·--·arrows·move/push,·u·undoes,·r·resets,·
·q/Escape·quits·········┌────────·Status·────────┐
························│·Moves:·6···············│
··###########···········│························│
··#.........#···········│·Arrows:·move·/·push····│
··#..*...o..#···········│·u:·undo················│
··#......$..#···········│·r:·reset·level·········│
··#....@....#···········│·q·/·Esc:·quit··········│
··#.........#···········│························│
··###########···········│························│
························│························│
························│························│
························│························│
························│························│
························│························│
························│························│
························│························│
························│························│
························│························│
························│························│
························│························│
························│························│
························│························│
························│························│
························└────────────────────────┘

--- frame ---
·Sokoban·--·arrows·move/push,·u·undoes,·r·resets,·
·q/Escape·quits·········┌────────·Status·────────┐
························│·Moves:·7···············│
··###########···········│························│
··#.........#···········│·Arrows:·move·/·push····│
··#..*...o..#···········│·u:·undo················│
··#......$..#···········│·r:·reset·level·········│
··#.....@...#···········│·q·/·Esc:·quit··········│
··#.........#···········│························│
··###########···········│························│
························│························│
························│························│
························│························│
························│························│
························│························│
························│························│
························│························│
························│························│
························│························│
························│························│
························│························│
························│························│
························│························│
························│························│
························└────────────────────────┘

--- frame ---
·Sokoban·--·arrows·move/push,·u·undoes,·r·resets,·
·q/Escape·quits·········┌────────·Status·────────┐
························│·Moves:·8···············│
··###########···········│························│
··#.........#···········│·Arrows:·move·/·push····│
··#..*...o..#···········│·u:·undo················│
··#......$..#···········│·r:·reset·level·········│
··#......@..#···········│·q·/·Esc:·quit··········│
··#.........#···········│························│
··###########···········│························│
························│························│
························│························│
························│························│
························│························│
························│························│
························│························│
························│························│
························│························│
························│························│
························│························│
························│························│
························│························│
························│························│
························│························│
························└────────────────────────┘

--- frame ---
·Sokoban·--·arrows·move/push,·u·undoes,·r·resets,·
·q/Escape·quits·········┌────────·Status·────────┐
························│·Moves:·9···············│
··###########···········│························│
··#.........#···········│·Arrows:·move·/·push····│
··#..*...*..#···········│·u:·undo················│
··#......@..#···········│·r:·reset·level·········│
··#.........#···········│·q·/·Esc:·quit··········│
··#.........#···········│························│
··###########···········│·***·Solved!·***········│
························│························│
························│························│
························│························│
························│························│
························│························│
························│························│
························│························│
························│························│
························│························│
························│························│
························│························│
························│························│
························│························│
························│························│
························└────────────────────────┘
