---
source: examples/tests/13_combat_log.rs
expression: "drive::<CombatLog>(&six_attacks())"
---
·a:·attack··Up/Down:·scroll··r:·reset··q/Esc:·quit
·You···████████████████████████████░░░░░░·25/30···
·Gob.··████████████████████████████░░░░░░·33/40···
··················································
·A·goblin·blocks·your·path!·······················
·You·strike·the·goblin·for·7.·····················
·The·goblin·claws·you·for·5.······················
··················································
··················································
··················································
··················································
··················································
··················································
··················································
··················································
··················································
··················································
··················································
··················································
··················································
··················································
··················································
··················································
··················································
··················································

--- frame ---
·a:·attack··Up/Down:·scroll··r:·reset··q/Esc:·quit
·You···███████████████████████░░░░░░░░░░░·20/30···
·Gob.··██████████████████████░░░░░░░░░░░░·26/40···
··················································
·A·goblin·blocks·your·path!·······················
·You·strike·the·goblin·for·7.·····················
·The·goblin·claws·you·for·5.······················
·You·strike·the·goblin·for·7.·····················
·The·goblin·claws·you·for·5.······················
··················································
··················································
··················································
··················································
··················································
··················································
··················································
··················································
··················································
··················································
··················································
··················································
··················································
··················································
··················································
··················································

--- frame ---
·a:·attack··Up/Down:·scroll··r:·reset··q/Esc:·quit
·You···█████████████████░░░░░░░░░░░░░░░░░·15/30···
·Gob.··████████████████░░░░░░░░░░░░░░░░░░·19/40···
··················································
·A·goblin·blocks·your·path!·······················
·You·strike·the·goblin·for·7.·····················
·The·goblin·claws·you·for·5.······················
·You·strike·the·goblin·for·7.·····················
·The·goblin·claws·you·for·5.······················
·You·strike·the·goblin·for·7.·····················
·The·goblin·claws·you·for·5.······················
··················································
··················································
··················································
··················································
··················································
··················································
··················································
··················································
··················································
··················································
··················································
··················································
··················································
··················································

--- frame ---
·a:·attack··Up/Down:·scroll··r:·reset··q/Esc:·quit
·You···███████████░░░░░░░░░░░░░░░░░░░░░░░·10/30···
·Gob.··██████████░░░░░░░░░░░░░░░░░░░░░░░░·12/40···
··················································
·A·goblin·blocks·your·path!·······················
·You·strike·the·goblin·for·7.·····················
·The·goblin·claws·you·for·5.······················
·You·strike·the·goblin·for·7.·····················
·The·goblin·claws·you·for·5.······················
·You·strike·the·goblin·for·7.·····················
·The·goblin·claws·you·for·5.······················
·You·strike·the·goblin·for·7.·····················
·The·goblin·claws·you·for·5.······················
··················································
··················································
··················································
··················································
··················································
··················································
··················································
··················································
··················································
··················································
··················································
··················································

--- frame ---
·a:·attack··Up/Down:·scroll··r:·reset··q/Esc:·quit
·You···██████░░░░░░░░░░░░░░░░░░░░░░░░░░░░░·5/30···
·Gob.··████░░░░░░░░░░░░░░░░░░░░░░░░░░░░░░░·5/40···
··················································
·A·goblin·blocks·your·path!·······················
·You·strike·the·goblin·for·7.·····················
·The·goblin·claws·you·for·5.······················
·You·strike·the·goblin·for·7.·····················
·The·goblin·claws·you·for·5.······················
·You·strike·the·goblin·for·7.·····················
·The·goblin·claws·you·for·5.······················
·You·strike·the·goblin·for·7.·····················
·The·goblin·claws·you·for·5.······················
·You·strike·the·goblin·for·7.·····················
·The·goblin·claws·you·for·5.······················
··················································
··················································
··················································
··················································
··················································
··················································
··················································
··················································
··················································
··················································

--- frame ---
·a:·attack··Up/Down:·scroll··r:·reset··q/Esc:·quit
·You···██████░░░░░░░░░░░░░░░░░░░░░░░░░░░░░·5/30···
·Gob.··░░░░░░░░░░░░░░░░░░░░░░░░░░░░░░░░░░░·0/40···
··················································
·A·goblin·blocks·your·path!·······················
·You·strike·the·goblin·for·7.·····················
·The·goblin·claws·you·for·5.······················
·You·strike·the·goblin·for·7.·····················
·The·goblin·claws·you·for·5.······················
·You·strik┌─────────·You·win!·─────────┐··········
·The·gobli│You:·5/30··Goblin:·0/40·····│··········
·You·strik│····························│··········
·The·gobli│r:·reset····················│··········
·You·strik│q·/·Esc:·quit···············│··········
·The·gobli└────────────────────────────┘··········
·You·strike·the·goblin·for·7.·····················
·The·goblin·falls.·You·win!·······················
··················································
··················································
··················································
··················································
··················································
··················································
··················································
··················································
