---
source: examples/tests/14_resize.rs
expression: "drive::<Resize>(&resize_sequence()).join(\"\\n--- frame ---\\n\")"
---
##############################
#····························#
#····························#
#····························#
#····························#
#··30x10·cells·--·resize·me··#
#····························#
#····························#
#····························#
##############################

--- frame ---
######################################################################
#····································································#
#····································································#
#····································································#
#····································································#
#····································································#
#····································································#
#····································································#
#····································································#
#····································································#
#····································································#
#····································································#
#····································································#
#····································································#
#····································································#
#······················70x30·cells·--·resize·me······················#
#····································································#
#····································································#
#····································································#
#····································································#
#····································································#
#····································································#
#····································································#
#····································································#
#····································································#
#····································································#
#····································································#
#····································································#
#····································································#
######################################################################
