---
source: examples/tests/15_outpost_dashboard.rs
expression: view
---
·Outpost·7·--·Ridgeline·Watch·····························································
··························································································
REQ/S·120···········P99·40.0ms·········ERR·0.4%···········CONN·812·············!2····SET··
··························································································
......................,......................,..............------------------------------
.................,......................,...................······························
............,......................,......................,.·Select·a·tile·to·inspect·it.·
.......,......................,......................,......······························
..,......................,......................,...........······························
....................,......................,................······························
...............,......................,.....................······························
..........,......................,......................,...······························
.....,.................#....,.........#............,........······························
,......................,......................,.............······························
..................,......................,..................······························
.............,................▲.....,......................,······························
........,......................,......................,.....······························
...,......................■......................,..........······························
.....................,............o.........,...............······························
................,......................,....................······························
...........,...........#..........,...#..................,..······························
......,......................,......................,.......······························
.,......................,......................,............······························
...................,......................,.................······························
..............,......................,......................······························
.........,......................,......................,....······························
....,......................,........drag:·pan···tap:·select.······························
··························································································
··················Overview·····································Settings···················
··························································································
