---
source: examples/tests/15_outpost_dashboard.rs
expression: "views.join(\"\\n--- frame ---\\n\")"
---
·Outpost·7·--·Ridgeline·Watch·····················
··················································
REQ/S·120·P99·40.0·ERR·0.4%·CONN·812···!2····SET··
··················································
.......,......................,...................
..,......................,......................,.
....................,......................,......
...............,......................,...........
..........,......................,................
.....,......................,.....................
,.................#....,.........#............,...
..................,......................,........
.............,......................,.............
........,................▲.....,..................
...,......................,......................,
.....................■......................,.....
................,............o.........,..........
...........,......................,...............
......,...........#..........,...#................
.,......................,......................,..
...................,......................,.......
..............,...........drag:·pan···tap:·select.
··················································
········Overview·················Settings·········
··················································
