---
source: examples/tests/16_subcell_image.rs
expression: svg
---
<svg xmlns="http://www.w3.org/2000/svg" width="436" height="466">
<rect width="100%" height="100%" fill="#111111"/>
<text font-family="monospace" font-size="14" y="26.0" xml:space="preserve">
  <tspan fill="#cccccc" x="8.0">                                                  </tspan>
</text>
<text font-family="monospace" font-size="14" y="44.0" xml:space="preserve">
  <tspan fill="#cccccc" x="8.0"> 16: Subcell blit -- one scene, 3 fidelities      </tspan>
</text>
<text font-family="monospace" font-size="14" y="62.0" xml:space="preserve">
  <tspan fill="#cccccc" x="8.0"> Half-block      Quadrant        Sextant          </tspan>
</text>
<text font-family="monospace" font-size="14" y="80.0" xml:space="preserve">
  <tspan fill="#cccccc" x="8.0"> </tspan>
  <tspan fill="#3497da" x="16.4" style="background:#2bbe69">▀</tspan>
  <tspan fill="#229754" x="24.8" style="background:#196d3c">▀</tspan>
  <tspan fill="#176639" x="33.2" style="background:#9d800a">▀</tspan>
  <tspan fill="#af8f0b" x="41.6" style="background:#eabe0f">▀</tspan>
  <tspan fill="#eabe0f" x="50.0" style="background:#d94738">▀</tspan>
  <tspan fill="#edc10f" x="58.4" style="background:#a9382c">▀</tspan>
  <tspan fill="#d14536" x="66.8" style="background:#8a2d24">▀</tspan>
  <tspan fill="#c84234" x="75.2" style="background:#822b22">▀</tspan>
  <tspan fill="#d14536" x="83.6" style="background:#8a2d24">▀</tspan>
  <tspan fill="#edc10f" x="92.0" style="background:#a9382c">▀</tspan>
  <tspan fill="#eabe0f" x="100.4" style="background:#d94738">▀</tspan>
  <tspan fill="#af8f0b" x="108.8" style="background:#eabe0f">▀</tspan>
  <tspan fill="#176639" x="117.2" style="background:#9d800a">▀</tspan>
  <tspan fill="#229754" x="125.6" style="background:#196d3c">▀</tspan>
  <tspan fill="#3497da" x="134.0" style="background:#2bbe69">▀</tspan>
  <tspan fill="#cccccc" x="142.4"> </tspan>
  <tspan fill="#3191d0" x="150.8" style="background:#2bbf6a">▘</tspan>
  <tspan fill="#27ad60" x="159.2" style="background:#1b7742">▘</tspan>
  <tspan fill="#18683a" x="167.6" style="background:#947809">▘</tspan>
  <tspan fill="#af8f0b" x="176.0" style="background:#e6bb0f">▀</tspan>
  <tspan fill="#e8bc0f" x="184.4" style="background:#d74738">▀</tspan>
  <tspan fill="#f0c30f" x="192.8" style="background:#bb3d31">▘</tspan>
  <tspan fill="#d14536" x="201.2" style="background:#8b2e24">▀</tspan>
  <tspan fill="#c94234" x="209.6" style="background:#822b22">▀</tspan>
  <tspan fill="#d14536" x="218.0" style="background:#8b2e24">▀</tspan>
  <tspan fill="#f0c30f" x="226.4" style="background:#bb3d31">▝</tspan>
  <tspan fill="#e8bc0f" x="234.8" style="background:#d74738">▀</tspan>
  <tspan fill="#af8f0b" x="243.2" style="background:#e6bb0f">▀</tspan>
  <tspan fill="#18683a" x="251.6" style="background:#947809">▝</tspan>
  <tspan fill="#27ad60" x="260.0" style="background:#1b7742">▝</tspan>
  <tspan fill="#3191d0" x="268.4" style="background:#2bbf6a">▝</tspan>
  <tspan fill="#cccccc" x="276.8"> </tspan>
  <tspan fill="#3292d3" x="285.2" style="background:#2bbd68">🬄</tspan>
  <tspan fill="#239b56" x="293.6" style="background:#196e3d">🬆</tspan>
  <tspan fill="#186a3b" x="302.0" style="background:#987c0a">🬄</tspan>
  <tspan fill="#ad8c0b" x="310.4" style="background:#e7bc0e">🬆</tspan>
  <tspan fill="#e8bd0f" x="318.8" style="background:#cf4436">🬎</tspan>
  <tspan fill="#f0c30f" x="327.2" style="background:#b53b2f">🬂</tspan>
  <tspan fill="#c44133" x="335.6" style="background:#822b22">🬎</tspan>
  <tspan fill="#d34537" x="344.0" style="background:#8f2f25">🬂</tspan>
  <tspan fill="#c44133" x="352.4" style="background:#822b22">🬎</tspan>
  <tspan fill="#f0c30f" x="360.8" style="background:#b53b2f">🬂</tspan>
  <tspan fill="#e8bd0f" x="369.2" style="background:#cf4436">🬎</tspan>
  <tspan fill="#ad8c0b" x="377.6" style="background:#e7bc0e">🬊</tspan>
  <tspan fill="#186a3b" x="386.0" style="background:#987c0a">🬉</tspan>
  <tspan fill="#239b56" x="394.4" style="background:#196e3d">🬊</tspan>
  <tspan fill="#3292d3" x="402.8" style="background:#2bbd68">🬉</tspan>
  <tspan fill="#cccccc" x="411.2">  </tspan>
</text>
<text font-family="monospace" font-size="14" y="98.0" xml:space="preserve">
  <tspan fill="#cccccc" x="8.0"> </tspan>
  <tspan fill="#219352" x="16.4" style="background:#196f3d">▀</tspan>
  <tspan fill="#7f6708" x="24.8" style="background:#ab8b0b">▀</tspan>
  <tspan fill="#d9b10e" x="33.2" style="background:#f1c40f">▀</tspan>
  <tspan fill="#dc4839" x="41.6" style="background:#a3362a">▀</tspan>
  <tspan fill="#993228" x="50.0" style="background:#74261e">▀</tspan>
  <tspan fill="#75261e" x="58.4" style="background:#613872">▀</tspan>
  <tspan fill="#78281f" x="66.8" style="background:#7a468f">▀</tspan>
  <tspan fill="#7e2921" x="75.2" style="background:#824b99">▀</tspan>
  <tspan fill="#78281f" x="83.6" style="background:#7a468f">▀</tspan>
  <tspan fill="#75261e" x="92.0" style="background:#613872">▀</tspan>
  <tspan fill="#993228" x="100.4" style="background:#74261e">▀</tspan>
  <tspan fill="#dc4839" x="108.8" style="background:#a3362a">▀</tspan>
  <tspan fill="#d9b10e" x="117.2" style="background:#f1c40f">▀</tspan>
  <tspan fill="#7f6708" x="125.6" style="background:#ab8b0b">▀</tspan>
  <tspan fill="#219352" x="134.0" style="background:#196f3d">▀</tspan>
  <tspan fill="#cccccc" x="142.4"> </tspan>
  <tspan fill="#27ad60" x="150.8" style="background:#1b7742">▘</tspan>
  <tspan fill="#176639" x="159.2" style="background:#a2840a">▘</tspan>
  <tspan fill="#ddb40e" x="167.6" style="background:#df493a">▛</tspan>
  <tspan fill="#efc20f" x="176.0" style="background:#b23b2e">▘</tspan>
  <tspan fill="#aa382c" x="184.4" style="background:#7d2921">▘</tspan>
  <tspan fill="#77271f" x="192.8" style="background:#613872">▀</tspan>
  <tspan fill="#782820" x="201.2" style="background:#7a468f">▀</tspan>
  <tspan fill="#7e2921" x="209.6" style="background:#824b99">▀</tspan>
  <tspan fill="#782820" x="218.0" style="background:#7a468f">▀</tspan>
  <tspan fill="#77271f" x="226.4" style="background:#613872">▀</tspan>
  <tspan fill="#aa382c" x="234.8" style="background:#7d2921">▝</tspan>
  <tspan fill="#efc20f" x="243.2" style="background:#b23b2e">▝</tspan>
  <tspan fill="#df493a" x="251.6" style="background:#ddb40e">▖</tspan>
  <tspan fill="#176639" x="260.0" style="background:#a2840a">▝</tspan>
  <tspan fill="#27ad60" x="268.4" style="background:#1b7742">▝</tspan>
  <tspan fill="#cccccc" x="276.8"> </tspan>
  <tspan fill="#25a55c" x="285.2" style="background:#1a7541">🬄</tspan>
  <tspan fill="#176739" x="293.6" style="background:#9f810a">🬀</tspan>
  <tspan fill="#dfb50e" x="302.0" style="background:#d94838">🬝</tspan>
  <tspan fill="#f1c40f" x="310.4" style="background:#b63c2f">🬀</tspan>
  <tspan fill="#a5372b" x="318.8" style="background:#7c2920">🬂</tspan>
  <tspan fill="#7a2820" x="327.2" style="background:#683c7b">🬎</tspan>
  <tspan fill="#75271f" x="335.6" style="background:#714185">🬂</tspan>
  <tspan fill="#78271f" x="344.0" style="background:#7a468f">🬂</tspan>
  <tspan fill="#75271f" x="352.4" style="background:#714185">🬂</tspan>
  <tspan fill="#7a2820" x="360.8" style="background:#683c7b">🬎</tspan>
  <tspan fill="#a5372b" x="369.2" style="background:#7c2920">🬂</tspan>
  <tspan fill="#f1c40f" x="377.6" style="background:#b63c2f">🬁</tspan>
  <tspan fill="#d94838" x="386.0" style="background:#dfb50e">🬏</tspan>
  <tspan fill="#176739" x="394.4" style="background:#9f810a">🬁</tspan>
  <tspan fill="#25a55c" x="402.8" style="background:#1a7541">🬉</tspan>
  <tspan fill="#cccccc" x="411.2">  </tspan>
</text>
<text font-family="monospace" font-size="14" y="116.0" xml:space="preserve">
  <tspan fill="#cccccc" x="8.0"> </tspan>
  <tspan fill="#176739" x="16.4" style="background:#947909">▀</tspan>
  <tspan fill="#ddb40e" x="24.8" style="background:#f1c40f">▀</tspan>
  <tspan fill="#c84234" x="33.2" style="background:#943126">▀</tspan>
  <tspan fill="#76271f" x="41.6" style="background:#573266">▀</tspan>
  <tspan fill="#653a76" x="50.0" style="background:#8e52a7">▀</tspan>
  <tspan fill="#8e52a7" x="58.4" style="background:#9857b3">▀</tspan>
  <tspan fill="#9b59b6" x="66.8" style="background:#2c80b8">▀</tspan>
  <tspan fill="#9b59b6" x="75.2" style="background:#2876aa">▀</tspan>
  <tspan fill="#9b59b6" x="83.6" style="background:#2c80b8">▀</tspan>
  <tspan fill="#8e52a7" x="92.0" style="background:#9857b3">▀</tspan>
  <tspan fill="#653a76" x="100.4" style="background:#8e52a7">▀</tspan>
  <tspan fill="#76271f" x="108.8" style="background:#573266">▀</tspan>
  <tspan fill="#c84234" x="117.2" style="background:#943126">▀</tspan>
  <tspan fill="#ddb40e" x="125.6" style="background:#f1c40f">▀</tspan>
  <tspan fill="#176739" x="134.0" style="background:#947909">▀</tspan>
  <tspan fill="#cccccc" x="142.4"> </tspan>
  <tspan fill="#18683a" x="150.8" style="background:#947809">▘</tspan>
  <tspan fill="#ddb40e" x="159.2" style="background:#df493a">▛</tspan>
  <tspan fill="#be3f31" x="167.6" style="background:#7f2a21">▛</tspan>
  <tspan fill="#792820" x="176.0" style="background:#643976">▛</tspan>
  <tspan fill="#663a77" x="184.4" style="background:#8c51a5">▀</tspan>
  <tspan fill="#864d9d" x="192.8" style="background:#9656b0">▘</tspan>
  <tspan fill="#9b59b6" x="201.2" style="background:#2c81b9">▀</tspan>
  <tspan fill="#9b59b6" x="209.6" style="background:#2976ab">▀</tspan>
  <tspan fill="#9b59b6" x="218.0" style="background:#2c81b9">▀</tspan>
  <tspan fill="#864d9d" x="226.4" style="background:#9656b0">▝</tspan>
  <tspan fill="#663a77" x="234.8" style="background:#8c51a5">▀</tspan>
  <tspan fill="#643976" x="243.2" style="background:#792820">▖</tspan>
  <tspan fill="#7f2a21" x="251.6" style="background:#be3f31">▖</tspan>
  <tspan fill="#df493a" x="260.0" style="background:#ddb40e">▖</tspan>
  <tspan fill="#18683a" x="268.4" style="background:#947809">▝</tspan>
  <tspan fill="#cccccc" x="276.8"> </tspan>
  <tspan fill="#18693a" x="285.2" style="background:#987b0a">🬄</tspan>
  <tspan fill="#dfb50e" x="293.6" style="background:#da4839">🬝</tspan>
  <tspan fill="#cb4335" x="302.0" style="background:#913026">🬆</tspan>
  <tspan fill="#7c2820" x="310.4" style="background:#6a3d7d">🬝</tspan>
  <tspan fill="#643975" x="318.8" style="background:#8d51a6">🬆</tspan>
  <tspan fill="#9254ab" x="327.2" style="background:#308bc9">🬝</tspan>
  <tspan fill="#9757b2" x="335.6" style="background:#2979ae">🬎</tspan>
  <tspan fill="#9656b0" x="344.0" style="background:#266e9f">🬎</tspan>
  <tspan fill="#9757b2" x="352.4" style="background:#2979ae">🬎</tspan>
  <tspan fill="#308bc9" x="360.8" style="background:#9254ab">🬏</tspan>
  <tspan fill="#643975" x="369.2" style="background:#8d51a6">🬊</tspan>
  <tspan fill="#6a3d7d" x="377.6" style="background:#7c2820">🬏</tspan>
  <tspan fill="#cb4335" x="386.0" style="background:#913026">🬊</tspan>
  <tspan fill="#da4839" x="394.4" style="background:#dfb50e">🬏</tspan>
  <tspan fill="#18693a" x="402.8" style="background:#987b0a">🬉</tspan>
  <tspan fill="#cccccc" x="411.2">  </tspan>
</text>
<text font-family="monospace" font-size="14" y="134.0" xml:space="preserve">
  <tspan fill="#cccccc" x="8.0"> </tspan>
  <tspan fill="#be9a0c" x="16.4" style="background:#e1b70e">▀</tspan>
  <tspan fill="#d54637" x="24.8" style="background:#ae392d">▀</tspan>
  <tspan fill="#75261e" x="33.2" style="background:#7e2921">▀</tspan>
  <tspan fill="#7a468f" x="41.6" style="background:#9756b1">▀</tspan>
  <tspan fill="#9a58b4" x="50.0" style="background:#2a7bb1">▀</tspan>
  <tspan fill="#2670a2" x="58.4" style="background:#1b4e71">▀</tspan>
  <tspan fill="#1d5479" x="66.8" style="background:#1d5479"> </tspan>
  <tspan fill="#1b4e71" x="75.2" style="background:#205d86">▀</tspan>
  <tspan fill="#1d5479" x="83.6" style="background:#1d5479"> </tspan>
  <tspan fill="#2670a2" x="92.0" style="background:#1b4e71">▀</tspan>
  <tspan fill="#9a58b4" x="100.4" style="background:#2a7bb1">▀</tspan>
  <tspan fill="#7a468f" x="108.8" style="background:#9756b1">▀</tspan>
  <tspan fill="#75261e" x="117.2" style="background:#7e2921">▀</tspan>
  <tspan fill="#d54637" x="125.6" style="background:#ae392d">▀</tspan>
  <tspan fill="#be9a0c" x="134.0" style="background:#e1b70e">▀</tspan>
  <tspan fill="#cccccc" x="142.4"> </tspan>
  <tspan fill="#af8f0b" x="150.8" style="background:#e6bb0f">▌</tspan>
  <tspan fill="#efc20f" x="159.2" style="background:#b23b2e">▘</tspan>
  <tspan fill="#792820" x="167.6" style="background:#643976">▛</tspan>
  <tspan fill="#683c7a" x="176.0" style="background:#9052a9">▘</tspan>
  <tspan fill="#9757b2" x="184.4" style="background:#2a7bb1">▀</tspan>
  <tspan fill="#2771a3" x="192.8" style="background:#1c5074">▀</tspan>
  <tspan fill="#1c5174" x="201.2" style="background:#1e587f">▞</tspan>
  <tspan fill="#1b4e71" x="209.6" style="background:#205d85">▀</tspan>
  <tspan fill="#1e587f" x="218.0" style="background:#1c5174">▞</tspan>
  <tspan fill="#2771a3" x="226.4" style="background:#1c5074">▀</tspan>
  <tspan fill="#9757b2" x="234.8" style="background:#2a7bb1">▀</tspan>
  <tspan fill="#683c7a" x="243.2" style="background:#9052a9">▝</tspan>
  <tspan fill="#643976" x="251.6" style="background:#792820">▖</tspan>
  <tspan fill="#efc20f" x="260.0" style="background:#b23b2e">▝</tspan>
  <tspan fill="#e6bb0f" x="268.4" style="background:#af8f0b">▌</tspan>
  <tspan fill="#cccccc" x="276.8"> </tspan>
  <tspan fill="#a3850a" x="285.2" style="background:#dfb50e">🬄</tspan>
  <tspan fill="#f0c40f" x="293.6" style="background:#b73c2f">🬀</tspan>
  <tspan fill="#7a2820" x="302.0" style="background:#603771">🬕</tspan>
  <tspan fill="#6e4082" x="310.4" style="background:#9153aa">🬄</tspan>
  <tspan fill="#9857b3" x="318.8" style="background:#2978ad">🬆</tspan>
  <tspan fill="#2772a5" x="327.2" style="background:#1b5074">🬆</tspan>
  <tspan fill="#1c5378" x="335.6" style="background:#1c7e46">🬝</tspan>
  <tspan fill="#1c5073" x="344.0" style="background:#1e864a">🬎</tspan>
  <tspan fill="#1c7e46" x="352.4" style="background:#1c5378">🬏</tspan>
  <tspan fill="#2772a5" x="360.8" style="background:#1b5074">🬊</tspan>
  <tspan fill="#9857b3" x="369.2" style="background:#2978ad">🬊</tspan>
  <tspan fill="#6e4082" x="377.6" style="background:#9153aa">🬉</tspan>
  <tspan fill="#603771" x="386.0" style="background:#7a2820">🬓</tspan>
  <tspan fill="#f0c40f" x="394.4" style="background:#b73c2f">🬁</tspan>
  <tspan fill="#a3850a" x="402.8" style="background:#dfb50e">🬉</tspan>
  <tspan fill="#cccccc" x="411.2">  </tspan>
</text>
<text font-family="monospace" font-size="14" y="152.0" xml:space="preserve">
  <tspan fill="#cccccc" x="8.0"> </tspan>
  <tspan fill="#f0c30f" x="16.4" style="background:#edc10f">▀</tspan>
  <tspan fill="#8a2d24" x="24.8" style="background:#76271f">▀</tspan>
  <tspan fill="#6d3e80" x="33.2" style="background:#874d9e">▀</tspan>
  <tspan fill="#9857b3" x="41.6" style="background:#2c80b8">▀</tspan>
  <tspan fill="#1e577e" x="50.0" style="background:#1a4c6e">▀</tspan>
  <tspan fill="#1e587f" x="58.4" style="background:#27ab5f">▀</tspan>
  <tspan fill="#27ab5f" x="66.8" style="background:#2ecc71">▀</tspan>
  <tspan fill="#2abc68" x="75.2" style="background:#2cc56d">▀</tspan>
  <tspan fill="#27ab5f" x="83.6" style="background:#2ecc71">▀</tspan>
  <tspan fill="#1e587f" x="92.0" style="background:#27ab5f">▀</tspan>
  <tspan fill="#1e577e" x="100.4" style="background:#1a4c6e">▀</tspan>
  <tspan fill="#9857b3" x="108.8" style="background:#2c80b8">▀</tspan>
  <tspan fill="#6d3e80" x="117.2" style="background:#874d9e">▀</tspan>
  <tspan fill="#8a2d24" x="125.6" style="background:#76271f">▀</tspan>
  <tspan fill="#f0c30f" x="134.0" style="background:#edc10f">▀</tspan>
  <tspan fill="#cccccc" x="142.4"> </tspan>
  <tspan fill="#e8bc0f" x="150.8" style="background:#d74738">▌</tspan>
  <tspan fill="#aa382c" x="159.2" style="background:#7d2921">▘</tspan>
  <tspan fill="#663a77" x="167.6" style="background:#8c51a5">▌</tspan>
  <tspan fill="#9757b2" x="176.0" style="background:#2a7bb1">▌</tspan>
  <tspan fill="#236694" x="184.4" style="background:#1b5073">▘</tspan>
  <tspan fill="#1b5073" x="192.8" style="background:#239c57">▘</tspan>
  <tspan fill="#26aa5e" x="201.2" style="background:#2ecb70">▀</tspan>
  <tspan fill="#2abb68" x="209.6" style="background:#2dc66e">▀</tspan>
  <tspan fill="#26aa5e" x="218.0" style="background:#2ecb70">▀</tspan>
  <tspan fill="#1b5073" x="226.4" style="background:#239c57">▝</tspan>
  <tspan fill="#236694" x="234.8" style="background:#1b5073">▝</tspan>
  <tspan fill="#2a7bb1" x="243.2" style="background:#9757b2">▌</tspan>
  <tspan fill="#8c51a5" x="251.6" style="background:#663a77">▌</tspan>
  <tspan fill="#aa382c" x="260.0" style="background:#7d2921">▝</tspan>
  <tspan fill="#d74738" x="268.4" style="background:#e8bc0f">▌</tspan>
  <tspan fill="#cccccc" x="276.8"> </tspan>
  <tspan fill="#e9bd0f" x="285.2" style="background:#d14536">🬕</tspan>
  <tspan fill="#a5362b" x="293.6" style="background:#7b2820">🬄</tspan>
  <tspan fill="#653a77" x="302.0" style="background:#8c50a4">▌</tspan>
  <tspan fill="#9556af" x="310.4" style="background:#2771a3">🬕</tspan>
  <tspan fill="#256c9c" x="318.8" style="background:#1c5276">🬀</tspan>
  <tspan fill="#1e577e" x="327.2" style="background:#27ab5f">🬆</tspan>
  <tspan fill="#24a058" x="335.6" style="background:#2dc66e">🬂</tspan>
  <tspan fill="#28b263" x="344.0" style="background:#2dc66e">🬂</tspan>
  <tspan fill="#24a058" x="352.4" style="background:#2dc66e">🬂</tspan>
  <tspan fill="#1d557b" x="360.8" style="background:#24a058">🬂</tspan>
  <tspan fill="#256c9c" x="369.2" style="background:#1c5276">🬁</tspan>
  <tspan fill="#2771a3" x="377.6" style="background:#9556af">🬓</tspan>
  <tspan fill="#8c50a4" x="386.0" style="background:#653a77">▌</tspan>
  <tspan fill="#a5362b" x="394.4" style="background:#7b2820">🬉</tspan>
  <tspan fill="#d14536" x="402.8" style="background:#e9bd0f">🬓</tspan>
  <tspan fill="#cccccc" x="411.2">  </tspan>
</text>
<text font-family="monospace" font-size="14" y="170.0" xml:space="preserve">
  <tspan fill="#cccccc" x="8.0"> </tspan>
  <tspan fill="#d54637" x="16.4" style="background:#c34033">▀</tspan>
  <tspan fill="#75261e" x="24.8" style="background:#7e2921">▀</tspan>
  <tspan fill="#9756b1" x="33.2" style="background:#9b59b6">▀</tspan>
  <tspan fill="#236693" x="41.6" style="background:#1d5479">▀</tspan>
  <tspan fill="#205d86" x="50.0" style="background:#24a159">▀</tspan>
  <tspan fill="#2ecb71" x="58.4" style="background:#2bbe69">▀</tspan>
  <tspan fill="#c6a10c" x="66.8" style="background:#856c08">▀</tspan>
  <tspan fill="#a4850a" x="75.2" style="background:#796208">▀</tspan>
  <tspan fill="#c6a10c" x="83.6" style="background:#856c08">▀</tspan>
  <tspan fill="#2ecb71" x="92.0" style="background:#2bbe69">▀</tspan>
  <tspan fill="#205d86" x="100.4" style="background:#24a159">▀</tspan>
  <tspan fill="#236693" x="108.8" style="background:#1d5479">▀</tspan>
  <tspan fill="#9756b1" x="117.2" style="background:#9b59b6">▀</tspan>
  <tspan fill="#75261e" x="125.6" style="background:#7e2921">▀</tspan>
  <tspan fill="#d54637" x="134.0" style="background:#c34033">▀</tspan>
  <tspan fill="#cccccc" x="142.4"> </tspan>
  <tspan fill="#f0c30f" x="150.8" style="background:#bb3d31">▘</tspan>
  <tspan fill="#77271f" x="159.2" style="background:#613872">▌</tspan>
  <tspan fill="#864d9d" x="167.6" style="background:#9656b0">▘</tspan>
  <tspan fill="#2771a3" x="176.0" style="background:#1c5074">▌</tspan>
  <tspan fill="#1b5073" x="184.4" style="background:#239c57">▘</tspan>
  <tspan fill="#2dc76f" x="192.8" style="background:#c8a20c">▛</tspan>
  <tspan fill="#29b564" x="201.2" style="background:#987c09">▘</tspan>
  <tspan fill="#a6870a" x="209.6" style="background:#796208">▀</tspan>
  <tspan fill="#29b564" x="218.0" style="background:#987c09">▝</tspan>
  <tspan fill="#c8a20c" x="226.4" style="background:#2dc76f">▖</tspan>
  <tspan fill="#1b5073" x="234.8" style="background:#239c57">▝</tspan>
  <tspan fill="#1c5074" x="243.2" style="background:#2771a3">▌</tspan>
  <tspan fill="#864d9d" x="251.6" style="background:#9656b0">▝</tspan>
  <tspan fill="#613872" x="260.0" style="background:#77271f">▌</tspan>
  <tspan fill="#f0c30f" x="268.4" style="background:#bb3d31">▝</tspan>
  <tspan fill="#cccccc" x="276.8"> </tspan>
  <tspan fill="#efc30f" x="285.2" style="background:#b73c30">🬄</tspan>
  <tspan fill="#77271f" x="293.6" style="background:#613872">▌</tspan>
  <tspan fill="#834b9a" x="302.0" style="background:#9556af">🬀</tspan>
  <tspan fill="#2978ad" x="310.4" style="background:#1d557b">🬄</tspan>
  <tspan fill="#1d5378" x="318.8" style="background:#24a159">🬄</tspan>
  <tspan fill="#2dc56d" x="327.2" style="background:#be9b0c">🬝</tspan>
  <tspan fill="#2bbd69" x="335.6" style="background:#9d800a">🬀</tspan>
  <tspan fill="#b3920b" x="344.0" style="background:#806808">🬂</tspan>
  <tspan fill="#2bbd69" x="352.4" style="background:#9d800a">🬁</tspan>
  <tspan fill="#be9b0c" x="360.8" style="background:#2dc56d">🬏</tspan>
  <tspan fill="#1d5378" x="369.2" style="background:#24a159">🬉</tspan>
  <tspan fill="#2978ad" x="377.6" style="background:#1d557b">🬉</tspan>
  <tspan fill="#834b9a" x="386.0" style="background:#9556af">🬁</tspan>
  <tspan fill="#613872" x="394.4" style="background:#77271f">▌</tspan>
  <tspan fill="#efc30f" x="402.8" style="background:#b73c30">🬉</tspan>
  <tspan fill="#cccccc" x="411.2">  </tspan>
</text>
<text font-family="monospace" font-size="14" y="188.0" xml:space="preserve">
  <tspan fill="#cccccc" x="8.0"> </tspan>
  <tspan fill="#b43b2f" x="16.4" style="background:#a9382c">▀</tspan>
  <tspan fill="#5d366d" x="24.8" style="background:#653a76">▀</tspan>
  <tspan fill="#9857b3" x="33.2" style="background:#9354ad">▀</tspan>
  <tspan fill="#1a4d6e" x="41.6" style="background:#1a4c6e">▀</tspan>
  <tspan fill="#2abc68" x="50.0" style="background:#2dc86f">▀</tspan>
  <tspan fill="#b5930b" x="58.4" style="background:#937809">▀</tspan>
  <tspan fill="#7e6708" x="66.8" style="background:#a98a0b">▀</tspan>
  <tspan fill="#a98a0b" x="75.2" style="background:#e24a3b">▀</tspan>
  <tspan fill="#7e6708" x="83.6" style="background:#a98a0b">▀</tspan>
  <tspan fill="#b5930b" x="92.0" style="background:#937809">▀</tspan>
  <tspan fill="#2abc68" x="100.4" style="background:#2dc86f">▀</tspan>
  <tspan fill="#1a4d6e" x="108.8" style="background:#1a4c6e">▀</tspan>
  <tspan fill="#9857b3" x="117.2" style="background:#9354ad">▀</tspan>
  <tspan fill="#5d366d" x="125.6" style="background:#653a76">▀</tspan>
  <tspan fill="#b43b2f" x="134.0" style="background:#a9382c">▀</tspan>
  <tspan fill="#cccccc" x="142.4"> </tspan>
  <tspan fill="#d14536" x="150.8" style="background:#8b2e24">▌</tspan>
  <tspan fill="#782820" x="159.2" style="background:#7a468f">▌</tspan>
  <tspan fill="#9b59b6" x="167.6" style="background:#2c81b9">▌</tspan>
  <tspan fill="#1c5174" x="176.0" style="background:#1e587f">▞</tspan>
  <tspan fill="#26aa5e" x="184.4" style="background:#2ecb70">▌</tspan>
  <tspan fill="#29b564" x="192.8" style="background:#987c09">▘</tspan>
  <tspan fill="#866d09" x="201.2" style="background:#bf3f32">▛</tspan>
  <tspan fill="#a5870a" x="209.6" style="background:#df493a">▀</tspan>
  <tspan fill="#bf3f32" x="218.0" style="background:#866d09">▖</tspan>
  <tspan fill="#29b564" x="226.4" style="background:#987c09">▝</tspan>
  <tspan fill="#2ecb70" x="234.8" style="background:#26aa5e">▌</tspan>
  <tspan fill="#1e587f" x="243.2" style="background:#1c5174">▞</tspan>
  <tspan fill="#2c81b9" x="251.6" style="background:#9b59b6">▌</tspan>
  <tspan fill="#7a468f" x="260.0" style="background:#782820">▌</tspan>
  <tspan fill="#8b2e24" x="268.4" style="background:#d14536">▌</tspan>
  <tspan fill="#cccccc" x="276.8"> </tspan>
  <tspan fill="#d14536" x="285.2" style="background:#8b2e24">▌</tspan>
  <tspan fill="#78281f" x="293.6" style="background:#79468e">▌</tspan>
  <tspan fill="#9a59b5" x="302.0" style="background:#2c80b9">▌</tspan>
  <tspan fill="#1c5276" x="310.4" style="background:#1f5a81">🬜</tspan>
  <tspan fill="#26a95e" x="318.8" style="background:#2ecb70">▌</tspan>
  <tspan fill="#2aba67" x="327.2" style="background:#9e800a">🬀</tspan>
  <tspan fill="#8b7109" x="335.6" style="background:#c74234">🬝</tspan>
  <tspan fill="#997d0a" x="344.0" style="background:#d44637">🬂</tspan>
  <tspan fill="#c74234" x="352.4" style="background:#8b7109">🬏</tspan>
  <tspan fill="#2aba67" x="360.8" style="background:#9e800a">🬁</tspan>
  <tspan fill="#2ecb70" x="369.2" style="background:#26a95e">▌</tspan>
  <tspan fill="#1f5a81" x="377.6" style="background:#1c5276">🬑</tspan>
  <tspan fill="#2c80b9" x="386.0" style="background:#9a59b5">▌</tspan>
  <tspan fill="#79468e" x="394.4" style="background:#78281f">▌</tspan>
  <tspan fill="#8b2e24" x="402.8" style="background:#d14536">▌</tspan>
  <tspan fill="#cccccc" x="411.2">  </tspan>
</text>
<text font-family="monospace" font-size="14" y="206.0" xml:space="preserve">
  <tspan fill="#cccccc" x="8.0"> </tspan>
  <tspan fill="#a3362a" x="16.4" style="background:#a3362a"> </tspan>
  <tspan fill="#693c7b" x="24.8" style="background:#693c7b"> </tspan>
  <tspan fill="#9052a9" x="33.2" style="background:#9052a9"> </tspan>
  <tspan fill="#1b4e70" x="41.6" style="background:#1b4e70"> </tspan>
  <tspan fill="#2ecb71" x="50.0" style="background:#2ecb71"> </tspan>
  <tspan fill="#856c08" x="58.4" style="background:#856c08"> </tspan>
  <tspan fill="#c34033" x="66.8" style="background:#c34033"> </tspan>
  <tspan fill="#d14536" x="75.2" style="background:#d14536"> </tspan>
  <tspan fill="#c34033" x="83.6" style="background:#c34033"> </tspan>
  <tspan fill="#856c08" x="92.0" style="background:#856c08"> </tspan>
  <tspan fill="#2ecb71" x="100.4" style="background:#2ecb71"> </tspan>
  <tspan fill="#1b4e70" x="108.8" style="background:#1b4e70"> </tspan>
  <tspan fill="#9052a9" x="117.2" style="background:#9052a9"> </tspan>
  <tspan fill="#693c7b" x="125.6" style="background:#693c7b"> </tspan>
  <tspan fill="#a3362a" x="134.0" style="background:#a3362a"> </tspan>
  <tspan fill="#cccccc" x="142.4"> </tspan>
  <tspan fill="#c94234" x="150.8" style="background:#822b22">▌</tspan>
  <tspan fill="#7e2921" x="159.2" style="background:#824b99">▌</tspan>
  <tspan fill="#9b59b6" x="167.6" style="background:#2976ab">▌</tspan>
  <tspan fill="#1b4e71" x="176.0" style="background:#205d85">▌</tspan>
  <tspan fill="#2abb68" x="184.4" style="background:#2dc66e">▌</tspan>
  <tspan fill="#a6870a" x="192.8" style="background:#796208">▌</tspan>
  <tspan fill="#a5870a" x="201.2" style="background:#df493a">▌</tspan>
  <tspan fill="#dc4839" x="209.6" style="background:#dc4839"> </tspan>
  <tspan fill="#df493a" x="218.0" style="background:#a5870a">▌</tspan>
  <tspan fill="#796208" x="226.4" style="background:#a6870a">▌</tspan>
  <tspan fill="#2dc66e" x="234.8" style="background:#2abb68">▌</tspan>
  <tspan fill="#205d85" x="243.2" style="background:#1b4e71">▌</tspan>
  <tspan fill="#2976ab" x="251.6" style="background:#9b59b6">▌</tspan>
  <tspan fill="#824b99" x="260.0" style="background:#7e2921">▌</tspan>
  <tspan fill="#822b22" x="268.4" style="background:#c94234">▌</tspan>
  <tspan fill="#cccccc" x="276.8"> </tspan>
  <tspan fill="#c94234" x="285.2" style="background:#832b22">▌</tspan>
  <tspan fill="#7d2921" x="293.6" style="background:#814a98">▌</tspan>
  <tspan fill="#9b59b6" x="302.0" style="background:#2977ab">▌</tspan>
  <tspan fill="#1b4f71" x="310.4" style="background:#205c85">▌</tspan>
  <tspan fill="#2abb67" x="318.8" style="background:#2dc66e">▌</tspan>
  <tspan fill="#a7870a" x="327.2" style="background:#796208">▌</tspan>
  <tspan fill="#a4860a" x="335.6" style="background:#de493a">▌</tspan>
  <tspan fill="#d14536" x="344.0" style="background:#e14a3a">🬋</tspan>
  <tspan fill="#cf4436" x="352.4" style="background:#a2840a">🬛</tspan>
  <tspan fill="#796208" x="360.8" style="background:#a7870a">▌</tspan>
  <tspan fill="#2dc66e" x="369.2" style="background:#2abb67">▌</tspan>
  <tspan fill="#205c85" x="377.6" style="background:#1b4f71">▌</tspan>
  <tspan fill="#2977ab" x="386.0" style="background:#9b59b6">▌</tspan>
  <tspan fill="#814a98" x="394.4" style="background:#7d2921">▌</tspan>
  <tspan fill="#832b22" x="402.8" style="background:#c94234">▌</tspan>
  <tspan fill="#cccccc" x="411.2">  </tspan>
</text>
<text font-family="monospace" font-size="14" y="224.0" xml:space="preserve">
  <tspan fill="#cccccc" x="8.0"> </tspan>
  <tspan fill="#a9382c" x="16.4" style="background:#b43b2f">▀</tspan>
  <tspan fill="#653a76" x="24.8" style="background:#5d366d">▀</tspan>
  <tspan fill="#9354ad" x="33.2" style="background:#9857b3">▀</tspan>
  <tspan fill="#1a4c6e" x="41.6" style="background:#1a4d6e">▀</tspan>
  <tspan fill="#2dc86f" x="50.0" style="background:#2abc68">▀</tspan>
  <tspan fill="#937809" x="58.4" style="background:#b5930b">▀</tspan>
  <tspan fill="#a98a0b" x="66.8" style="background:#7e6708">▀</tspan>
  <tspan fill="#e24a3b" x="75.2" style="background:#a2352a">▀</tspan>
  <tspan fill="#a98a0b" x="83.6" style="background:#7e6708">▀</tspan>
  <tspan fill="#937809" x="92.0" style="background:#b5930b">▀</tspan>
  <tspan fill="#2dc86f" x="100.4" style="background:#2abc68">▀</tspan>
  <tspan fill="#1a4c6e" x="108.8" style="background:#1a4d6e">▀</tspan>
  <tspan fill="#9354ad" x="117.2" style="background:#9857b3">▀</tspan>
  <tspan fill="#653a76" x="125.6" style="background:#5d366d">▀</tspan>
  <tspan fill="#a9382c" x="134.0" style="background:#b43b2f">▀</tspan>
  <tspan fill="#cccccc" x="142.4"> </tspan>
  <tspan fill="#d14536" x="150.8" style="background:#8b2e24">▌</tspan>
  <tspan fill="#782820" x="159.2" style="background:#7a468f">▌</tspan>
  <tspan fill="#9b59b6" x="167.6" style="background:#2c81b9">▌</tspan>
  <tspan fill="#1e587f" x="176.0" style="background:#1c5174">▞</tspan>
  <tspan fill="#26aa5e" x="184.4" style="background:#2ecb70">▌</tspan>
  <tspan fill="#29b564" x="192.8" style="background:#987c09">▖</tspan>
  <tspan fill="#bf3f32" x="201.2" style="background:#866d09">▝</tspan>
  <tspan fill="#df493a" x="209.6" style="background:#a5870a">▀</tspan>
  <tspan fill="#bf3f32" x="218.0" style="background:#866d09">▘</tspan>
  <tspan fill="#987c09" x="226.4" style="background:#29b564">▛</tspan>
  <tspan fill="#2ecb70" x="234.8" style="background:#26aa5e">▌</tspan>
  <tspan fill="#1c5174" x="243.2" style="background:#1e587f">▞</tspan>
  <tspan fill="#2c81b9" x="251.6" style="background:#9b59b6">▌</tspan>
  <tspan fill="#7a468f" x="260.0" style="background:#782820">▌</tspan>
  <tspan fill="#8b2e24" x="268.4" style="background:#d14536">▌</tspan>
  <tspan fill="#cccccc" x="276.8"> </tspan>
  <tspan fill="#d14536" x="285.2" style="background:#8b2e24">▌</tspan>
  <tspan fill="#78281f" x="293.6" style="background:#79468e">▌</tspan>
  <tspan fill="#9a59b5" x="302.0" style="background:#2c80b9">▌</tspan>
  <tspan fill="#1f5a81" x="310.4" style="background:#1c5276">🬑</tspan>
  <tspan fill="#26a95e" x="318.8" style="background:#2ecb70">▌</tspan>
  <tspan fill="#2aba67" x="327.2" style="background:#9e800a">🬏</tspan>
  <tspan fill="#c74234" x="335.6" style="background:#8b7109">🬁</tspan>
  <tspan fill="#d44637" x="344.0" style="background:#997d0a">🬎</tspan>
  <tspan fill="#c74234" x="352.4" style="background:#8b7109">🬀</tspan>
  <tspan fill="#9e800a" x="360.8" style="background:#2aba67">🬝</tspan>
  <tspan fill="#2ecb70" x="369.2" style="background:#26a95e">▌</tspan>
  <tspan fill="#1c5276" x="377.6" style="background:#1f5a81">🬜</tspan>
  <tspan fill="#2c80b9" x="386.0" style="background:#9a59b5">▌</tspan>
  <tspan fill="#79468e" x="394.4" style="background:#78281f">▌</tspan>
  <tspan fill="#8b2e24" x="402.8" style="background:#d14536">▌</tspan>
  <tspan fill="#cccccc" x="411.2">  </tspan>
</text>
<text font-family="monospace" font-size="14" y="242.0" xml:space="preserve">
  <tspan fill="#cccccc" x="8.0"> </tspan>
  <tspan fill="#c34033" x="16.4" style="background:#d54637">▀</tspan>
  <tspan fill="#7e2921" x="24.8" style="background:#75261e">▀</tspan>
  <tspan fill="#9b59b6" x="33.2" style="background:#9756b1">▀</tspan>
  <tspan fill="#1d5479" x="41.6" style="background:#236693">▀</tspan>
  <tspan fill="#24a159" x="50.0" style="background:#1c7d45">▀</tspan>
  <tspan fill="#2bbe69" x="58.4" style="background:#2ecb71">▀</tspan>
  <tspan fill="#856c08" x="66.8" style="background:#c6a10c">▀</tspan>
  <tspan fill="#796208" x="75.2" style="background:#a4850a">▀</tspan>
  <tspan fill="#856c08" x="83.6" style="background:#c6a10c">▀</tspan>
  <tspan fill="#2bbe69" x="92.0" style="background:#2ecb71">▀</tspan>
  <tspan fill="#24a159" x="100.4" style="background:#1c7d45">▀</tspan>
  <tspan fill="#1d5479" x="108.8" style="background:#236693">▀</tspan>
  <tspan fill="#9b59b6" x="117.2" style="background:#9756b1">▀</tspan>
  <tspan fill="#7e2921" x="125.6" style="background:#75261e">▀</tspan>
  <tspan fill="#c34033" x="134.0" style="background:#d54637">▀</tspan>
  <tspan fill="#cccccc" x="142.4"> </tspan>
  <tspan fill="#f0c30f" x="150.8" style="background:#bb3d31">▖</tspan>
  <tspan fill="#77271f" x="159.2" style="background:#613872">▌</tspan>
  <tspan fill="#864d9d" x="167.6" style="background:#9656b0">▖</tspan>
  <tspan fill="#2771a3" x="176.0" style="background:#1c5074">▌</tspan>
  <tspan fill="#1b5073" x="184.4" style="background:#239c57">▖</tspan>
  <tspan fill="#c8a20c" x="192.8" style="background:#2dc76f">▝</tspan>
  <tspan fill="#29b564" x="201.2" style="background:#987c09">▖</tspan>
  <tspan fill="#796208" x="209.6" style="background:#a6870a">▀</tspan>
  <tspan fill="#987c09" x="218.0" style="background:#29b564">▛</tspan>
  <tspan fill="#c8a20c" x="226.4" style="background:#2dc76f">▘</tspan>
  <tspan fill="#239c57" x="234.8" style="background:#1b5073">▛</tspan>
  <tspan fill="#1c5074" x="243.2" style="background:#2771a3">▌</tspan>
  <tspan fill="#9656b0" x="251.6" style="background:#864d9d">▛</tspan>
  <tspan fill="#613872" x="260.0" style="background:#77271f">▌</tspan>
  <tspan fill="#bb3d31" x="268.4" style="background:#f0c30f">▛</tspan>
  <tspan fill="#cccccc" x="276.8"> </tspan>
  <tspan fill="#efc30f" x="285.2" style="background:#b73c30">🬓</tspan>
  <tspan fill="#77271f" x="293.6" style="background:#613872">▌</tspan>
  <tspan fill="#834b9a" x="302.0" style="background:#9556af">🬏</tspan>
  <tspan fill="#2978ad" x="310.4" style="background:#1d557b">🬓</tspan>
  <tspan fill="#1d5378" x="318.8" style="background:#24a159">🬓</tspan>
  <tspan fill="#be9b0c" x="327.2" style="background:#2dc56d">🬁</tspan>
  <tspan fill="#2bbd69" x="335.6" style="background:#9d800a">🬏</tspan>
  <tspan fill="#806808" x="344.0" style="background:#b3920b">🬎</tspan>
  <tspan fill="#9d800a" x="352.4" style="background:#2bbd69">🬝</tspan>
  <tspan fill="#be9b0c" x="360.8" style="background:#2dc56d">🬀</tspan>
  <tspan fill="#24a159" x="369.2" style="background:#1d5378">🬕</tspan>
  <tspan fill="#1d557b" x="377.6" style="background:#2978ad">🬕</tspan>
  <tspan fill="#9556af" x="386.0" style="background:#834b9a">🬝</tspan>
  <tspan fill="#613872" x="394.4" style="background:#77271f">▌</tspan>
  <tspan fill="#b73c30" x="402.8" style="background:#efc30f">🬕</tspan>
  <tspan fill="#cccccc" x="411.2">  </tspan>
</text>
<text font-family="monospace" font-size="14" y="260.0" xml:space="preserve">
  <tspan fill="#cccccc" x="8.0"> </tspan>
  <tspan fill="#edc10f" x="16.4" style="background:#f0c30f">▀</tspan>
  <tspan fill="#76271f" x="24.8" style="background:#8a2d24">▀</tspan>
  <tspan fill="#874d9e" x="33.2" style="background:#6d3e80">▀</tspan>
  <tspan fill="#2c80b8" x="41.6" style="background:#9857b3">▀</tspan>
  <tspan fill="#1a4c6e" x="50.0" style="background:#1e577e">▀</tspan>
  <tspan fill="#27ab5f" x="58.4" style="background:#1e587f">▀</tspan>
  <tspan fill="#2ecc71" x="66.8" style="background:#27ab5f">▀</tspan>
  <tspan fill="#2cc56d" x="75.2" style="background:#2abc68">▀</tspan>
  <tspan fill="#2ecc71" x="83.6" style="background:#27ab5f">▀</tspan>
  <tspan fill="#27ab5f" x="92.0" style="background:#1e587f">▀</tspan>
  <tspan fill="#1a4c6e" x="100.4" style="background:#1e577e">▀</tspan>
  <tspan fill="#2c80b8" x="108.8" style="background:#9857b3">▀</tspan>
  <tspan fill="#874d9e" x="117.2" style="background:#6d3e80">▀</tspan>
  <tspan fill="#76271f" x="125.6" style="background:#8a2d24">▀</tspan>
  <tspan fill="#edc10f" x="134.0" style="background:#f0c30f">▀</tspan>
  <tspan fill="#cccccc" x="142.4"> </tspan>
  <tspan fill="#e8bc0f" x="150.8" style="background:#d74738">▌</tspan>
  <tspan fill="#aa382c" x="159.2" style="background:#7d2921">▖</tspan>
  <tspan fill="#663a77" x="167.6" style="background:#8c51a5">▌</tspan>
  <tspan fill="#9757b2" x="176.0" style="background:#2a7bb1">▌</tspan>
  <tspan fill="#236694" x="184.4" style="background:#1b5073">▖</tspan>
  <tspan fill="#1b5073" x="192.8" style="background:#239c57">▖</tspan>
  <tspan fill="#2ecb70" x="201.2" style="background:#26aa5e">▀</tspan>
  <tspan fill="#2dc66e" x="209.6" style="background:#2abb68">▀</tspan>
  <tspan fill="#2ecb70" x="218.0" style="background:#26aa5e">▀</tspan>
  <tspan fill="#239c57" x="226.4" style="background:#1b5073">▛</tspan>
  <tspan fill="#1b5073" x="234.8" style="background:#236694">▛</tspan>
  <tspan fill="#2a7bb1" x="243.2" style="background:#9757b2">▌</tspan>
  <tspan fill="#8c51a5" x="251.6" style="background:#663a77">▌</tspan>
  <tspan fill="#7d2921" x="260.0" style="background:#aa382c">▛</tspan>
  <tspan fill="#d74738" x="268.4" style="background:#e8bc0f">▌</tspan>
  <tspan fill="#cccccc" x="276.8"> </tspan>
  <tspan fill="#d14536" x="285.2" style="background:#e9bd0f">🬉</tspan>
  <tspan fill="#a5362b" x="293.6" style="background:#7b2820">🬓</tspan>
  <tspan fill="#653a77" x="302.0" style="background:#8c50a4">▌</tspan>
  <tspan fill="#2771a3" x="310.4" style="background:#9556af">🬉</tspan>
  <tspan fill="#256c9c" x="318.8" style="background:#1c5276">🬏</tspan>
  <tspan fill="#27ab5f" x="327.2" style="background:#1e577e">🬊</tspan>
  <tspan fill="#2dc66e" x="335.6" style="background:#24a058">🬎</tspan>
  <tspan fill="#2dc66e" x="344.0" style="background:#28b263">🬎</tspan>
  <tspan fill="#2dc66e" x="352.4" style="background:#24a058">🬎</tspan>
  <tspan fill="#24a058" x="360.8" style="background:#1d557b">🬎</tspan>
  <tspan fill="#1c5276" x="369.2" style="background:#256c9c">🬝</tspan>
  <tspan fill="#2771a3" x="377.6" style="background:#9556af">🬄</tspan>
  <tspan fill="#8c50a4" x="386.0" style="background:#653a77">▌</tspan>
  <tspan fill="#7b2820" x="394.4" style="background:#a5362b">🬕</tspan>
  <tspan fill="#d14536" x="402.8" style="background:#e9bd0f">🬄</tspan>
  <tspan fill="#cccccc" x="411.2">  </tspan>
</text>
<text font-family="monospace" font-size="14" y="278.0" xml:space="preserve">
  <tspan fill="#cccccc" x="8.0"> </tspan>
  <tspan fill="#e1b70e" x="16.4" style="background:#be9a0c">▀</tspan>
  <tspan fill="#ae392d" x="24.8" style="background:#d54637">▀</tspan>
  <tspan fill="#7e2921" x="33.2" style="background:#75261e">▀</tspan>
  <tspan fill="#9756b1" x="41.6" style="background:#7a468f">▀</tspan>
  <tspan fill="#2a7bb1" x="50.0" style="background:#9a58b4">▀</tspan>
  <tspan fill="#1b4e71" x="58.4" style="background:#2670a2">▀</tspan>
  <tspan fill="#1d5479" x="66.8" style="background:#1d5479"> </tspan>
  <tspan fill="#205d86" x="75.2" style="background:#1b4e71">▀</tspan>
  <tspan fill="#1d5479" x="83.6" style="background:#1d5479"> </tspan>
  <tspan fill="#1b4e71" x="92.0" style="background:#2670a2">▀</tspan>
  <tspan fill="#2a7bb1" x="100.4" style="background:#9a58b4">▀</tspan>
  <tspan fill="#9756b1" x="108.8" style="background:#7a468f">▀</tspan>
  <tspan fill="#7e2921" x="117.2" style="background:#75261e">▀</tspan>
  <tspan fill="#ae392d" x="125.6" style="background:#d54637">▀</tspan>
  <tspan fill="#e1b70e" x="134.0" style="background:#be9a0c">▀</tspan>
  <tspan fill="#cccccc" x="142.4"> </tspan>
  <tspan fill="#af8f0b" x="150.8" style="background:#e6bb0f">▌</tspan>
  <tspan fill="#efc20f" x="159.2" style="background:#b23b2e">▖</tspan>
  <tspan fill="#643976" x="167.6" style="background:#792820">▝</tspan>
  <tspan fill="#683c7a" x="176.0" style="background:#9052a9">▖</tspan>
  <tspan fill="#2a7bb1" x="184.4" style="background:#9757b2">▀</tspan>
  <tspan fill="#1c5074" x="192.8" style="background:#2771a3">▀</tspan>
  <tspan fill="#1e587f" x="201.2" style="background:#1c5174">▞</tspan>
  <tspan fill="#205d85" x="209.6" style="background:#1b4e71">▀</tspan>
  <tspan fill="#1c5174" x="218.0" style="background:#1e587f">▞</tspan>
  <tspan fill="#1c5074" x="226.4" style="background:#2771a3">▀</tspan>
  <tspan fill="#2a7bb1" x="234.8" style="background:#9757b2">▀</tspan>
  <tspan fill="#9052a9" x="243.2" style="background:#683c7a">▛</tspan>
  <tspan fill="#643976" x="251.6" style="background:#792820">▘</tspan>
  <tspan fill="#b23b2e" x="260.0" style="background:#efc20f">▛</tspan>
  <tspan fill="#e6bb0f" x="268.4" style="background:#af8f0b">▌</tspan>
  <tspan fill="#cccccc" x="276.8"> </tspan>
  <tspan fill="#a3850a" x="285.2" style="background:#dfb50e">🬓</tspan>
  <tspan fill="#f0c40f" x="293.6" style="background:#b73c2f">🬏</tspan>
  <tspan fill="#603771" x="302.0" style="background:#7a2820">🬉</tspan>
  <tspan fill="#6e4082" x="310.4" style="background:#9153aa">🬓</tspan>
  <tspan fill="#2978ad" x="318.8" style="background:#9857b3">🬊</tspan>
  <tspan fill="#1b5074" x="327.2" style="background:#2772a5">🬊</tspan>
  <tspan fill="#1c7e46" x="335.6" style="background:#1c5378">🬁</tspan>
  <tspan fill="#1e864a" x="344.0" style="background:#1c5073">🬂</tspan>
  <tspan fill="#1c7e46" x="352.4" style="background:#1c5378">🬀</tspan>
  <tspan fill="#1b5074" x="360.8" style="background:#2772a5">🬆</tspan>
  <tspan fill="#2978ad" x="369.2" style="background:#9857b3">🬆</tspan>
  <tspan fill="#9153aa" x="377.6" style="background:#6e4082">🬕</tspan>
  <tspan fill="#603771" x="386.0" style="background:#7a2820">🬄</tspan>
  <tspan fill="#b73c2f" x="394.4" style="background:#f0c40f">🬝</tspan>
  <tspan fill="#dfb50e" x="402.8" style="background:#a3850a">🬕</tspan>
  <tspan fill="#cccccc" x="411.2">  </tspan>
</text>
<text font-family="monospace" font-size="14" y="296.0" xml:space="preserve">
  <tspan fill="#cccccc" x="8.0"> </tspan>
  <tspan fill="#947909" x="16.4" style="background:#176739">▀</tspan>
  <tspan fill="#f1c40f" x="24.8" style="background:#ddb40e">▀</tspan>
  <tspan fill="#943126" x="33.2" style="background:#c84234">▀</tspan>
  <tspan fill="#573266" x="41.6" style="background:#76271f">▀</tspan>
  <tspan fill="#8e52a7" x="50.0" style="background:#653a76">▀</tspan>
  <tspan fill="#9857b3" x="58.4" style="background:#8e52a7">▀</tspan>
  <tspan fill="#2c80b8" x="66.8" style="background:#9b59b6">▀</tspan>
  <tspan fill="#2876aa" x="75.2" style="background:#9b59b6">▀</tspan>
  <tspan fill="#2c80b8" x="83.6" style="background:#9b59b6">▀</tspan>
  <tspan fill="#9857b3" x="92.0" style="background:#8e52a7">▀</tspan>
  <tspan fill="#8e52a7" x="100.4" style="background:#653a76">▀</tspan>
  <tspan fill="#573266" x="108.8" style="background:#76271f">▀</tspan>
  <tspan fill="#943126" x="117.2" style="background:#c84234">▀</tspan>
  <tspan fill="#f1c40f" x="125.6" style="background:#ddb40e">▀</tspan>
  <tspan fill="#947909" x="134.0" style="background:#176739">▀</tspan>
  <tspan fill="#cccccc" x="142.4"> </tspan>
  <tspan fill="#18683a" x="150.8" style="background:#947809">▖</tspan>
  <tspan fill="#df493a" x="159.2" style="background:#ddb40e">▝</tspan>
  <tspan fill="#7f2a21" x="167.6" style="background:#be3f31">▝</tspan>
  <tspan fill="#643976" x="176.0" style="background:#792820">▝</tspan>
  <tspan fill="#8c51a5" x="184.4" style="background:#663a77">▀</tspan>
  <tspan fill="#864d9d" x="192.8" style="background:#9656b0">▖</tspan>
  <tspan fill="#2c81b9" x="201.2" style="background:#9b59b6">▀</tspan>
  <tspan fill="#2976ab" x="209.6" style="background:#9b59b6">▀</tspan>
  <tspan fill="#2c81b9" x="218.0" style="background:#9b59b6">▀</tspan>
  <tspan fill="#9656b0" x="226.4" style="background:#864d9d">▛</tspan>
  <tspan fill="#8c51a5" x="234.8" style="background:#663a77">▀</tspan>
  <tspan fill="#643976" x="243.2" style="background:#792820">▘</tspan>
  <tspan fill="#7f2a21" x="251.6" style="background:#be3f31">▘</tspan>
  <tspan fill="#df493a" x="260.0" style="background:#ddb40e">▘</tspan>
  <tspan fill="#947809" x="268.4" style="background:#18683a">▛</tspan>
  <tspan fill="#cccccc" x="276.8"> </tspan>
  <tspan fill="#18693a" x="285.2" style="background:#987b0a">🬓</tspan>
  <tspan fill="#da4839" x="293.6" style="background:#dfb50e">🬁</tspan>
  <tspan fill="#913026" x="302.0" style="background:#cb4335">🬊</tspan>
  <tspan fill="#6a3d7d" x="310.4" style="background:#7c2820">🬁</tspan>
  <tspan fill="#8d51a6" x="318.8" style="background:#643975">🬊</tspan>
  <tspan fill="#308bc9" x="327.2" style="background:#9254ab">🬁</tspan>
  <tspan fill="#2979ae" x="335.6" style="background:#9757b2">🬂</tspan>
  <tspan fill="#266e9f" x="344.0" style="background:#9656b0">🬂</tspan>
  <tspan fill="#2979ae" x="352.4" style="background:#9757b2">🬂</tspan>
  <tspan fill="#308bc9" x="360.8" style="background:#9254ab">🬀</tspan>
  <tspan fill="#8d51a6" x="369.2" style="background:#643975">🬆</tspan>
  <tspan fill="#6a3d7d" x="377.6" style="background:#7c2820">🬀</tspan>
  <tspan fill="#913026" x="386.0" style="background:#cb4335">🬆</tspan>
  <tspan fill="#da4839" x="394.4" style="background:#dfb50e">🬀</tspan>
  <tspan fill="#987b0a" x="402.8" style="background:#18693a">🬕</tspan>
  <tspan fill="#cccccc" x="411.2">  </tspan>
</text>
<text font-family="monospace" font-size="14" y="314.0" xml:space="preserve">
  <tspan fill="#cccccc" x="8.0"> </tspan>
  <tspan fill="#196f3d" x="16.4" style="background:#219352">▀</tspan>
  <tspan fill="#ab8b0b" x="24.8" style="background:#7f6708">▀</tspan>
  <tspan fill="#f1c40f" x="33.2" style="background:#d9b10e">▀</tspan>
  <tspan fill="#a3362a" x="41.6" style="background:#dc4839">▀</tspan>
  <tspan fill="#74261e" x="50.0" style="background:#993228">▀</tspan>
  <tspan fill="#613872" x="58.4" style="background:#75261e">▀</tspan>
  <tspan fill="#7a468f" x="66.8" style="background:#78281f">▀</tspan>
  <tspan fill="#824b99" x="75.2" style="background:#7e2921">▀</tspan>
  <tspan fill="#7a468f" x="83.6" style="background:#78281f">▀</tspan>
  <tspan fill="#613872" x="92.0" style="background:#75261e">▀</tspan>
  <tspan fill="#74261e" x="100.4" style="background:#993228">▀</tspan>
  <tspan fill="#a3362a" x="108.8" style="background:#dc4839">▀</tspan>
  <tspan fill="#f1c40f" x="117.2" style="background:#d9b10e">▀</tspan>
  <tspan fill="#ab8b0b" x="125.6" style="background:#7f6708">▀</tspan>
  <tspan fill="#196f3d" x="134.0" style="background:#219352">▀</tspan>
  <tspan fill="#cccccc" x="142.4"> </tspan>
  <tspan fill="#27ad60" x="150.8" style="background:#1b7742">▖</tspan>
  <tspan fill="#176639" x="159.2" style="background:#a2840a">▖</tspan>
  <tspan fill="#df493a" x="167.6" style="background:#ddb40e">▝</tspan>
  <tspan fill="#efc20f" x="176.0" style="background:#b23b2e">▖</tspan>
  <tspan fill="#aa382c" x="184.4" style="background:#7d2921">▖</tspan>
  <tspan fill="#613872" x="192.8" style="background:#77271f">▀</tspan>
  <tspan fill="#7a468f" x="201.2" style="background:#782820">▀</tspan>
  <tspan fill="#824b99" x="209.6" style="background:#7e2921">▀</tspan>
  <tspan fill="#7a468f" x="218.0" style="background:#782820">▀</tspan>
  <tspan fill="#613872" x="226.4" style="background:#77271f">▀</tspan>
  <tspan fill="#7d2921" x="234.8" style="background:#aa382c">▛</tspan>
  <tspan fill="#b23b2e" x="243.2" style="background:#efc20f">▛</tspan>
  <tspan fill="#df493a" x="251.6" style="background:#ddb40e">▘</tspan>
  <tspan fill="#a2840a" x="260.0" style="background:#176639">▛</tspan>
  <tspan fill="#1b7742" x="268.4" style="background:#27ad60">▛</tspan>
  <tspan fill="#cccccc" x="276.8"> </tspan>
  <tspan fill="#25a55c" x="285.2" style="background:#1a7541">🬓</tspan>
  <tspan fill="#176739" x="293.6" style="background:#9f810a">🬏</tspan>
  <tspan fill="#d94838" x="302.0" style="background:#dfb50e">🬁</tspan>
  <tspan fill="#f1c40f" x="310.4" style="background:#b63c2f">🬏</tspan>
  <tspan fill="#7c2920" x="318.8" style="background:#a5372b">🬎</tspan>
  <tspan fill="#683c7b" x="327.2" style="background:#7a2820">🬂</tspan>
  <tspan fill="#714185" x="335.6" style="background:#75271f">🬎</tspan>
  <tspan fill="#7a468f" x="344.0" style="background:#78271f">🬎</tspan>
  <tspan fill="#714185" x="352.4" style="background:#75271f">🬎</tspan>
  <tspan fill="#683c7b" x="360.8" style="background:#7a2820">🬂</tspan>
  <tspan fill="#7c2920" x="369.2" style="background:#a5372b">🬎</tspan>
  <tspan fill="#b63c2f" x="377.6" style="background:#f1c40f">🬝</tspan>
  <tspan fill="#d94838" x="386.0" style="background:#dfb50e">🬀</tspan>
  <tspan fill="#9f810a" x="394.4" style="background:#176739">🬝</tspan>
  <tspan fill="#1a7541" x="402.8" style="background:#25a55c">🬕</tspan>
  <tspan fill="#cccccc" x="411.2">  </tspan>
</text>
<text font-family="monospace" font-size="14" y="332.0" xml:space="preserve">
  <tspan fill="#cccccc" x="8.0"> </tspan>
  <tspan fill="#2bbe69" x="16.4" style="background:#3497da">▀</tspan>
  <tspan fill="#196d3c" x="24.8" style="background:#229754">▀</tspan>
  <tspan fill="#9d800a" x="33.2" style="background:#176639">▀</tspan>
  <tspan fill="#eabe0f" x="41.6" style="background:#af8f0b">▀</tspan>
  <tspan fill="#d94738" x="50.0" style="background:#eabe0f">▀</tspan>
  <tspan fill="#a9382c" x="58.4" style="background:#edc10f">▀</tspan>
  <tspan fill="#8a2d24" x="66.8" style="background:#d14536">▀</tspan>
  <tspan fill="#822b22" x="75.2" style="background:#c84234">▀</tspan>
  <tspan fill="#8a2d24" x="83.6" style="background:#d14536">▀</tspan>
  <tspan fill="#a9382c" x="92.0" style="background:#edc10f">▀</tspan>
  <tspan fill="#d94738" x="100.4" style="background:#eabe0f">▀</tspan>
  <tspan fill="#eabe0f" x="108.8" style="background:#af8f0b">▀</tspan>
  <tspan fill="#9d800a" x="117.2" style="background:#176639">▀</tspan>
  <tspan fill="#196d3c" x="125.6" style="background:#229754">▀</tspan>
  <tspan fill="#2bbe69" x="134.0" style="background:#3497da">▀</tspan>
  <tspan fill="#cccccc" x="142.4"> </tspan>
  <tspan fill="#3191d0" x="150.8" style="background:#2bbf6a">▖</tspan>
  <tspan fill="#27ad60" x="159.2" style="background:#1b7742">▖</tspan>
  <tspan fill="#18683a" x="167.6" style="background:#947809">▖</tspan>
  <tspan fill="#e6bb0f" x="176.0" style="background:#af8f0b">▀</tspan>
  <tspan fill="#d74738" x="184.4" style="background:#e8bc0f">▀</tspan>
  <tspan fill="#f0c30f" x="192.8" style="background:#bb3d31">▖</tspan>
  <tspan fill="#8b2e24" x="201.2" style="background:#d14536">▀</tspan>
  <tspan fill="#822b22" x="209.6" style="background:#c94234">▀</tspan>
  <tspan fill="#8b2e24" x="218.0" style="background:#d14536">▀</tspan>
  <tspan fill="#bb3d31" x="226.4" style="background:#f0c30f">▛</tspan>
  <tspan fill="#d74738" x="234.8" style="background:#e8bc0f">▀</tspan>
  <tspan fill="#e6bb0f" x="243.2" style="background:#af8f0b">▀</tspan>
  <tspan fill="#947809" x="251.6" style="background:#18683a">▛</tspan>
  <tspan fill="#1b7742" x="260.0" style="background:#27ad60">▛</tspan>
  <tspan fill="#2bbf6a" x="268.4" style="background:#3191d0">▛</tspan>
  <tspan fill="#cccccc" x="276.8"> </tspan>
  <tspan fill="#3292d3" x="285.2" style="background:#2bbd68">🬓</tspan>
  <tspan fill="#196e3d" x="293.6" style="background:#239b56">🬊</tspan>
  <tspan fill="#186a3b" x="302.0" style="background:#987c0a">🬓</tspan>
  <tspan fill="#e7bc0e" x="310.4" style="background:#ad8c0b">🬊</tspan>
  <tspan fill="#cf4436" x="318.8" style="background:#e8bd0f">🬂</tspan>
  <tspan fill="#b53b2f" x="327.2" style="background:#f0c30f">🬎</tspan>
  <tspan fill="#822b22" x="335.6" style="background:#c44133">🬂</tspan>
  <tspan fill="#8f2f25" x="344.0" style="background:#d34537">🬎</tspan>
  <tspan fill="#822b22" x="352.4" style="background:#c44133">🬂</tspan>
  <tspan fill="#b53b2f" x="360.8" style="background:#f0c30f">🬎</tspan>
  <tspan fill="#cf4436" x="369.2" style="background:#e8bd0f">🬂</tspan>
  <tspan fill="#e7bc0e" x="377.6" style="background:#ad8c0b">🬆</tspan>
  <tspan fill="#987c0a" x="386.0" style="background:#186a3b">🬕</tspan>
  <tspan fill="#196e3d" x="394.4" style="background:#239b56">🬆</tspan>
  <tspan fill="#2bbd68" x="402.8" style="background:#3292d3">🬕</tspan>
  <tspan fill="#cccccc" x="411.2">  </tspan>
</text>
<text font-family="monospace" font-size="14" y="350.0" xml:space="preserve">
  <tspan fill="#cccccc" x="8.0">                                                  </tspan>
</text>
<text font-family="monospace" font-size="14" y="368.0" xml:space="preserve">
  <tspan fill="#cccccc" x="8.0"> No image file above -- generated on the fly. Soft</tspan>
</text>
<text font-family="monospace" font-size="14" y="386.0" xml:space="preserve">
  <tspan fill="#cccccc" x="8.0"> ware backend's built-in font is CP437-only, so qu</tspan>
</text>
<text font-family="monospace" font-size="14" y="404.0" xml:space="preserve">
  <tspan fill="#cccccc" x="8.0"> adrant/sextant show as solid colored blocks there</tspan>
</text>
<text font-family="monospace" font-size="14" y="422.0" xml:space="preserve">
  <tspan fill="#cccccc" x="8.0"> ; crossterm renders the real glyphs.             </tspan>
</text>
<text font-family="monospace" font-size="14" y="440.0" xml:space="preserve">
  <tspan fill="#cccccc" x="8.0">                                                  </tspan>
</text>
<text font-family="monospace" font-size="14" y="458.0" xml:space="preserve">
  <tspan fill="#cccccc" x="8.0">                                                  </tspan>
</text>
</svg>
