---
source: examples/tests/16_subcell_image.rs
expression: "support::headless_snapshot::<SubcellImage>(1)"
---
··················································
·16:·Subcell·blit·--·one·scene,·3·fidelities······
·Half-block······Quadrant········Sextant··········
·▀▀▀▀▀▀▀▀▀▀▀▀▀▀▀·▘▘▘▀▀▘▀▀▀▝▀▀▝▝▝·🬄🬆🬄🬆🬎🬂🬎🬂🬎🬂🬎🬊🬉🬊🬉··
·▀▀▀▀▀▀▀▀▀▀▀▀▀▀▀·▘▘▛▘▘▀▀▀▀▀▝▝▖▝▝·🬄🬀🬝🬀🬂🬎🬂🬂🬂🬎🬂🬁🬏🬁🬉··
·▀▀▀▀▀▀▀▀▀▀▀▀▀▀▀·▘▛▛▛▀▘▀▀▀▝▀▖▖▖▝·🬄🬝🬆🬝🬆🬝🬎🬎🬎🬏🬊🬏🬊🬏🬉··
·▀▀▀▀▀▀·▀·▀▀▀▀▀▀·▌▘▛▘▀▀▞▀▞▀▀▝▖▝▌·🬄🬀🬕🬄🬆🬆🬝🬎🬏🬊🬊🬉🬓🬁🬉··
·▀▀▀▀▀▀▀▀▀▀▀▀▀▀▀·▌▘▌▌▘▘▀▀▀▝▝▌▌▝▌·🬕🬄▌🬕🬀🬆🬂🬂🬂🬂🬁🬓▌🬉🬓··
·▀▀▀▀▀▀▀▀▀▀▀▀▀▀▀·▘▌▘▌▘▛▘▀▝▖▝▌▝▌▝·🬄▌🬀🬄🬄🬝🬀🬂🬁🬏🬉🬉🬁▌🬉··
·▀▀▀▀▀▀▀▀▀▀▀▀▀▀▀·▌▌▌▞▌▘▛▀▖▝▌▞▌▌▌·▌▌▌🬜▌🬀🬝🬂🬏🬁▌🬑▌▌▌··
·················▌▌▌▌▌▌▌·▌▌▌▌▌▌▌·▌▌▌▌▌▌▌🬋🬛▌▌▌▌▌▌··
·▀▀▀▀▀▀▀▀▀▀▀▀▀▀▀·▌▌▌▞▌▖▝▀▘▛▌▞▌▌▌·▌▌▌🬑▌🬏🬁🬎🬀🬝▌🬜▌▌▌··
·▀▀▀▀▀▀▀▀▀▀▀▀▀▀▀·▖▌▖▌▖▝▖▀▛▘▛▌▛▌▛·🬓▌🬏🬓🬓🬁🬏🬎🬝🬀🬕🬕🬝▌🬕··
·▀▀▀▀▀▀▀▀▀▀▀▀▀▀▀·▌▖▌▌▖▖▀▀▀▛▛▌▌▛▌·🬉🬓▌🬉🬏🬊🬎🬎🬎🬎🬝🬄▌🬕🬄··
·▀▀▀▀▀▀·▀·▀▀▀▀▀▀·▌▖▝▖▀▀▞▀▞▀▀▛▘▛▌·🬓🬏🬉🬓🬊🬊🬁🬂🬀🬆🬆🬕🬄🬝🬕··
·▀▀▀▀▀▀▀▀▀▀▀▀▀▀▀·▖▝▝▝▀▖▀▀▀▛▀▘▘▘▛·🬓🬁🬊🬁🬊🬁🬂🬂🬂🬀🬆🬀🬆🬀🬕··
·▀▀▀▀▀▀▀▀▀▀▀▀▀▀▀·▖▖▝▖▖▀▀▀▀▀▛▛▘▛▛·🬓🬏🬁🬏🬎🬂🬎🬎🬎🬂🬎🬝🬀🬝🬕··
·▀▀▀▀▀▀▀▀▀▀▀▀▀▀▀·▖▖▖▀▀▖▀▀▀▛▀▀▛▛▛·🬓🬊🬓🬊🬂🬎🬂🬎🬂🬎🬂🬆🬕🬆🬕··
··················································
·No·image·file·above·--·generated·on·the·fly.·Soft
·ware·backend's·built-in·font·is·CP437-only,·so·qu
·adrant/sextant·show·as·solid·colored·blocks·there
·;·crossterm·renders·the·real·glyphs.·············
··················································
··················································
