---
source: examples/tests/18_text_align.rs
expression: "support::headless_snapshot::<TextAlign>(1)"
---
·Align:·Left·/·Center·/·Right·on·titles·and·text··
┌·Left·──────────────────────────────────────────┐
│Text·widget·····································│
│PrintLine·spans·································│
│················································│
└────────────────────────────────────────────────┘
┌────────────────────·Center·────────────────────┐
│··················Text·widget···················│
│················PrintLine·spans·················│
│················································│
└────────────────────────────────────────────────┘
┌─────────────────────────────────────────·Right·┐
│·····································Text·widget│
│·································PrintLine·spans│
│················································│
└────────────────────────────────────────────────┘
··················································
··┌────────────────────────·Modal:·right·title·┐··
··│············································│··
··│Left-aligned·label··················42·/·100│··
··│············································│··
··│············································│··
··│············································│··
··└────────────────────────────────────────────┘··
··················································
