---
source: examples/tests/18_weighted_fill.rs
expression: "support::headless_snapshot::<WeightedFill>(1)"
---
·Constraint::Fill(weight):·proportional·splits····
Row·1:·Fill(1)·x3·--·equal·thirds,·unchanged······
┌───────────────┐┌───────────────┐┌──────────────┐
│····Fill(1)····││····Fill(1)····││···Fill(1)····│
│·····w=17······││·····w=17······││·····w=16·····│
│···············││···············││··············│
└───────────────┘└───────────────┘└──────────────┘
Row·2:·Fill(1):Fill(2):Fill(3)·--·1:2:3·ratio·····
┌──────┐┌───────────────┐┌───────────────────────┐
│Fill(1)│····Fill(2)····││········Fill(3)········│
│·w=8··││·····w=17······││·········w=25··········│
│······││···············││·······················│
└──────┘└───────────────┘└───────────────────────┘
Row·3:·Fixed(10)·+·Fill(1)/Fill(3)·remainder······
┌────────┐┌────────┐┌────────────────────────────┐
│Fixed(10)│Fill(1)·││··········Fill(3)···········│
│··w=10··││··w=10··││············w=30············│
│········││········││····························│
└────────┘└────────┘└────────────────────────────┘
Row·4:·Min(6),·Fill(2),·Max(12)·--·Min/Max=1······
┌───────────────┐┌────────────────────┐┌─────────┐
│····Min(6)·····││······Fill(2)·······││·Max(12)·│
│·····w=17······││········w=22········││··w=11···│
│···············││····················││·········│
└───────────────┘└────────────────────┘└─────────┘
