---
source: examples/tests/19_overworld.rs
expression: "views.last().expect(\"at least one frame\")"
---
▲▲▲▲▲∩""""""""""""∩"∩▲∩""",.·,"""""""∩∩"∩".,,,,,",",,...~≈≈~~~~≈:...≈≈┌───────··OVERWORLD··────────┐
▲▲▲▲▲▲""∩▲▲▲▲∩∩∩"""∩"▲∩""".,·,,,,,,"",",",,",,,,,"":...~~~~~≈~~≈..",.~│seed·2··(365,·86)···········│
▲▲▲▲▲▲▲▲▲▲▲▲▲▲▲▲▲▲▲▲▲▲▲∩""","·,,,",.",",,,,,".,,",:~~~~≈~~≈≈≈≈≈≈..*,.≈│The·Misty·Lowlands··········│
▲▲▲▲▲▲▲▲▲▲▲▲▲▲▲▲▲▲▲▲▲▲▲∩",,""·,",","""""","""","..≈~≈≈≈≈~≈~~≈≈≈~.*",.≈│Stonemere·(City)············│
▲▲▲""▲▲▲▲▲▲▲▲▲▲▲▲▲▲▲▲▲""""","·",""""",,,,""",...≈~~≈≈≈~~≈~~~~≈..."*,.≈│elevation·~43%··············│
∩∩""∩"▲▲▲""""∩"▲▲▲▲▲▲▲∩∩,,",,"·",",,""","",,,.≈≈≈≈~~~~~~~≈≈≈.:.",⌂","≈│view:·hex·grid·[T]··········│
"∩"""∩""∩""∩∩"""▲▲▲▲▲""",,,,""·,",,"*,,"",",.≈≈≈≈≈≈~≈≈≈~≈≈..,"",·"·""≈│····························│
"""""""∩"∩""∩"∩∩∩▲▲∩∩"",",",",·",".*,""",*,.≈≈≈≈~≈≈≈~≈~≈~:,"","·,,·,,≈│·▀▀▀▀▀▀▀▀▀▀▀▀▀▀▀▀▀▀▀▀▀▀▀▀▀▀▀│
""""∩"""""∩"∩""""∩∩∩""∩,"",".,,·"",",,"",,:≈~~≈~~≈~~~~≈~:",,""·,,·",..│·▀▀·▀··▀▀▀·▀··▀▀·▀▀▀▀▀······│
"∩"""∩∩∩""""""∩"""""∩"*",,,"",",·,",""",,".≈~≈≈≈~~≈≈~~≈.,",,,,"·,·,,".│·▀·▀▀▀·▀▀··▀▀▀·▀▀▀▀·▀▀▀▀▀·▀▀│
"""∩"""∩"∩"""∩""∩∩"","",,.",,,,,,·,"""""".≈~≈≈≈≈~≈≈~~≈:""".,,""·,·.",.│·▀▀▀▀▀▀▀▀▀·▀··▀▀▀···▀▀+───+▀│
∩""""∩"∩▲▲▲▲"∩"""∩∩"♠,,"""",,,"""·,"","".≈≈≈≈≈≈≈~~~~≈≈.,,",,,"·".·""":│·▀▀··▀▀▀▀·▀▀▀▀▀▀·▀·▀··+───+▀│
∩"∩∩"""▲▲▲▲▲▲∩"∩""""♣♠♠♣♣♣,,"",,"·""".,".≈≈≈~~~~~~~≈≈..,,,."",·"""·",,│·▀·▀▀▀▀▀▀▀▀·▀▀▀▀▀▀▀···▀▀▀▀▀▀│
""∩∩""∩▲▲▲▲▲▲▲"""∩∩∩"♠♣♣♣♠♣♣"".""·",,"".≈≈≈≈~~~~~~~.,,,""Φ,""·,,,,"·,,│·▀▀▀▀▀▀▀▀··▀·▀▀▀··▀▀·▀▀·▀▀▀▀│
"""∩""∩▲▲▲▲▲▲▲∩""∩"∩♠♠♠♠♣♣♠♠",,,.·,,,,,.≈~≈~≈~≈~≈≈."",","",",·"",",·,"│·▀▀▀▀·▀▀▀·▀▀▀▀▀▀▀▀··▀▀▀·▀▀▀▀│
"∩∩"""∩"▲▲▲▲▲∩∩∩"∩""∩♠♠♠♣♠♣♣",,",·",,",≈~~≈≈≈≈≈~~:,,""".*","·,,",",,⌂"│·▀▀▀▀·▀▀▀▀▀··▀▀▀▀▀·▀▀▀▀▀·▀▀▀│
"""∩"∩""""∩∩∩∩∩∩"""""♣♣♠♠♠♣♣♣*,,"·,■"".≈≈~≈≈≈≈≈..",,,,,,","·,".,,""".,│·▀···▀▀▀··▀··▀▀▀▀▀▀▀▀·▀▀▀▀▀▀│
∩""∩"∩""""∩∩"""∩"∩∩∩""♠♣♣♣♣♠♣","·".··".≈≈~≈~≈~..",.,""""""·",",,,,"*"*│·▀▀▀▀▀▀▀▀▀▀▀▀▀▀▀▀▀▀▀▀▀▀▀▀▀▀▀│
♠"""""♣♠♣♣∩♠∩"∩""∩"∩"∩♣♠♣♣♠♠♠♠,·,*·,,·.~~≈~≈..*,.",,".",,·"""",,,"""",│····························│
♣♣♠♣♠♣♣♣♠♣♣♠♣♠♣♠♠,*""""♠♣♠♠♣♣♠·,*,·","·≈~~...",",",""",.""·,"..,,""","│Legend······················│
♣♠♣♣♠♠♣♣♠♠♠♣♣♣♣♠♠,""∩""∩"♣♠♠♠♠·","·,,..·..",,,,.",,,","",",·,"",,,"","│≈·Deep·ocean················│
♣♣♣♠♣♣♠♣♣♣♣♣♠♠♣♠"∩""∩∩""""♣♠♣"·,","·":..·,".",""",,*,,,,,,"·,",,"",""*│~·River·····················│
♠♣♠♣♠♠♠♠♣♣♣♣♠♠♠∩∩∩∩"∩∩"∩∩"♠""·,,"",·,.:..·,,,,",,"..,,,.,,",·,,,,,,"",│,·Plains····················│
♣♠♠♣♠♠♠♠♠♠♠♠♠♣∩"∩"""""""∩,",,"·,.",·",...,·",,.,"""","".,,,·",,,",",,,│♣·Forest····················│
♠♠♠♣♣♣♣♠♣♠♣♠♠♠∩∩""""∩"""∩"""""·",,"·,*..,,"·,",,,.,,",""",·,,",,"",",,│"·Hills·····················│
♣♣♣♠♠♣♣♣♣♣♣♣♣♠"""∩""""""",,,,·"."""·"""""","·,,,,,*"",,·,⌂,,","""",,",│▲·Mountains·················│
♠♣♠♣♣♣♠♠♣♠♣♠♠♣♣""∩∩""∩""∩","·",,"""·.,,,,"",,·,,,"",",·,·"","",*,,,"",│▲·Snowcap···················│
♣♠♠♠♣♠♠♠♠♠♠♣♠♣♠"""∩"∩"∩"",",·,""""·,,,",,,,,",·,,"",,·,,",""",""",,"".│.·Desert····················│
♠♠♠♠♠♠♠♠♠♣♠♣♣♣♣"∩∩∩"""∩""",,,·.,"·""",",,""","*·"","·"""",".",,",,","≈│,·Savanna···················│
♠♣♣♣♣♣♠♣♠♣♠♠♠♠"∩""∩""""∩,,,,"·."·",",,"",,","","·""·,∩,..,,,","""."""≈│····························│
♠♣♣♣♠♠♠♣♠♣♠♣♣∩∩"∩"∩""∩""♣,,,,·,·,",,,",,,,",,",""··""∩,,",,,",,"","":~│drag·pans,·T·tiles,·R·reroll│
♠♠♠♣♠♣♠♣♠♣♠♠♠∩"""∩∩∩"∩∩",".,.··"",,,""",,,,,""".""",∩",.,"""",,,,,,"≈~└────────────────────────────┘
