---
source: examples/tests/19_overworld.rs
expression: "support::headless_snapshot::<Overworld>(1)"
---
·(365,·86)··Stonemere·(City)··--·arrows·pan,·T·vie
▲▲▲▲▲▲▲▲▲▲▲▲""""","·",""""",,,,""",...≈~~≈≈≈~~≈~~~
"""∩"▲▲▲▲▲▲▲∩∩,,",,"·",",,""","",,,.≈≈≈≈~~~~~~~≈≈≈
"∩∩"""▲▲▲▲▲""",,,,""·,",,"*,,"",",.≈≈≈≈≈≈~≈≈≈~≈≈..
""∩"∩∩∩▲▲∩∩"",",",",·",".*,""",*,.≈≈≈≈~≈≈≈~≈~≈≈:,"
∩"∩""""∩∩∩""∩,"",".,,·"",",,"",,:≈~~≈~~≈~~~~≈~:",,
""""∩"""""∩"*",,,"",",·,",""",,".≈~≈≈≈~~≈≈~~~.,",,
"""∩""∩∩"","",,.",,,,,,·,"""""".≈~≈≈≈≈~≈≈~~≈:""".,
▲▲"∩"""∩∩"♠,,"""",,,"""·,"","".≈≈≈≈≈≈≈~~~~≈≈.,,",,
▲▲▲∩"∩""""♣♠♠♣♣♣,,"",,"·""".,".≈≈≈~~~~~~~≈≈..,,,."
▲▲▲▲"""∩∩∩"♠♣♣♣♠♣♣"".""·",,"".≈≈≈≈~~~~~~~.,,,""Φ,"
▲▲▲▲∩""∩"∩♠♠♠♠♣♣♠♠",,,.·,,,,,.~~≈~≈~≈~≈≈."",","","
▲▲▲∩∩∩"∩""∩♠♠♠♣♠♣♣",,",·",,",≈~~≈≈≈≈≈~~:,,""".*","
∩∩∩∩∩∩"""""♣♣♠♠♠♣♣♣*,,"·,■"".≈≈~≈≈≈≈~..",,,,,,","·
∩∩"""∩"∩∩∩""♠♣♣♣♣♠♣","·".··".≈≈~≈~≈≈..",.,""""""·"
∩♠∩"∩""∩"∩"∩♣♠♣♣♠♠♠♠,·,*·,,·.~~≈~≈..*,.",,".",,·""
♣♠♣♠♣♠♠,*""""♠♣♠♠♣♣♠·,*,·","·≈≈≈...",",",""",.""·,
♠♣♣♣♣♠♠,""∩""∩"♣♠♠♠♠·","·,,..·..",,,,.",,,","",",·
♣♣♠♠♣♠"∩""∩∩""""♣♠♣"·,","·":..·,".",""",,*,,,,,,"·
♣♣♠♠♠∩∩∩∩"∩∩"∩∩"♠""·,,"",·,.:..·,,,,",,"..,,,.,,",
♠♠♠♣∩"∩"""""""∩,",,"·,.",·",...,·",,.,"""","".,,,·
♣♠♠♠∩∩""""∩"""∩"""""·",,"·,*..,,"·,",,,.,,",""",·,
♣♣♣♠"""∩""""""",,,,·"."""·"""""","·,,,,,*"",,·,⌂,,
♣♠♠♣♣""∩∩""∩""∩","·",,"""·.,,,,"",,·,,,"",",·,·"",
♠♣♠♣♠"""∩"∩"∩"",",·,""""·,,,",,,,,",·,,"",,·,,",""
