---
source: examples/tests/19_overworld.rs
expression: view
---
·(365,·86)··Stonemere·(City)··--·arrows·pan,·R·rer
""∩"∩∩∩▲▲∩∩"",",",",·",".*,""",*,.≈≈≈≈~≈≈≈~≈~≈≈:,"
∩"∩""""∩∩∩""∩,"",".,,·"",",,"",,:≈~~≈~~≈~~~~≈~:",,
""""∩"""""∩"*",,,"",",·,",""",,".≈~≈≈≈~~≈≈~~~.,",,
"""∩""∩∩"","",,.",,,,,,·,"""""".≈~≈≈≈≈~≈≈~~≈:""".,
▲▲"∩"""∩∩"♠,,"""",,,"""·,"","".≈≈≈≈≈≈≈~~~~≈≈.,,",,
▲▲▲∩"∩""""♣♠♠♣♣♣,,"",,"·""".,".≈≈≈~~~~~~~≈≈..,,,."
▲▲▲▲"""∩∩∩"♠♣♣♣♠♣♣"".""·",,"".≈≈≈≈~~~~~~~.,,,""Φ,"
▲▲▲▲∩""∩"∩♠♠♠♠♣♣♠♠",,,.·,,,,,.~~≈~≈~≈~≈≈."",","","
▲▲▲∩∩∩"∩""∩♠♠♠♣♠♣♣",,",·",,",≈~~≈≈≈≈≈~~:,,""".*","
∩∩∩∩∩∩"""""♣♣♠♠♠♣♣♣*,,"·,■"".≈≈~≈≈≈≈~..",,,,,,","·
∩∩"""∩"∩∩∩""♠♣♣♣♣♠♣","·".··".≈≈~≈~≈≈..",.,""""""·"
∩♠∩"∩""∩"∩"∩♣♠♣♣♠♠♠♠,·,*·,,·.~~≈~≈..*,.",,".",,·""
♣♠♣♠♣♠♠,*""""♠♣♠♠♣♣♠·,*,·","·≈≈≈...",",",""",.""·,
♠♣♣♣♣♠♠,""∩""∩"♣♠♠♠♠·","·,,..·..",,,,.",,,","",",·
♣♣♠♠♣♠"∩""∩∩""""♣♠♣"·,","·":..·,".",""",,*,,,,,,"·
♣♣♠♠♠∩∩∩∩"∩∩"∩∩"♠""·,,"",·,.:..·,,,,",,"..,,,.,,",
♠♠♠♣∩"∩"""""""∩,",,"·,.",·",...,·",,.,"""","".,,,·
♣♠♠♠∩∩""""∩"""∩"""""·",,"·,*..,,"·,",,,.,,",""",·,
♣♣♣♠"""∩""""""",,,,·"."""·"""""","·,,,,,*"",,·,⌂,,
