---
source: examples/tests/21_text_input.rs
expression: view
---
··················································
·Type·to·edit.·Arrows/Home/End/Backspace/Delete.··
·Tab:·cycle·cursor·style.·Escape:·quit·(not·q).···
··················································
·┌─────────────·Text·Input·─────────────┐·········
·│Hi····································│·········
·└──────────────────────────────────────┘·········
·Cursor·style:·BlinkingBlock·(Tab·to·cycle)·······
··················································
··················································
··················································
··················································
··················································
··················································
··················································
··················································
··················································
··················································
··················································
··················································
··················································
··················································
··················································
··················································
··················································

--- frame ---
··················································
·Type·to·edit.·Arrows/Home/End/Backspace/Delete.··
·Tab:·cycle·cursor·style.·Escape:·quit·(not·q).···
··················································
·┌─────────────·Text·Input·─────────────┐·········
·│Hi····································│·········
·└──────────────────────────────────────┘·········
·Cursor·style:·BlinkingBlock·(Tab·to·cycle)·······
··················································
··················································
··················································
··················································
··················································
··················································
··················································
··················································
··················································
··················································
··················································
··················································
··················································
··················································
··················································
··················································
··················································

--- frame ---
··················································
·Type·to·edit.·Arrows/Home/End/Backspace/Delete.··
·Tab:·cycle·cursor·style.·Escape:·quit·(not·q).···
··················································
·┌─────────────·Text·Input·─────────────┐·········
·│>·Hi··································│·········
·└──────────────────────────────────────┘·········
·Cursor·style:·BlinkingBlock·(Tab·to·cycle)·······
··················································
··················································
··················································
··················································
··················································
··················································
··················································
··················································
··················································
··················································
··················································
··················································
··················································
··················································
··················································
··················································
··················································

--- frame ---
··················································
·Type·to·edit.·Arrows/Home/End/Backspace/Delete.··
·Tab:·cycle·cursor·style.·Escape:·quit·(not·q).···
··················································
·┌─────────────·Text·Input·─────────────┐·········
·│>·H···································│·········
·└──────────────────────────────────────┘·········
·Cursor·style:·BlinkingBlock·(Tab·to·cycle)·······
··················································
··················································
··················································
··················································
··················································
··················································
··················································
··················································
··················································
··················································
··················································
··················································
··················································
··················································
··················································
··················································
··················································

--- frame ---
··················································
·Type·to·edit.·Arrows/Home/End/Backspace/Delete.··
·Tab:·cycle·cursor·style.·Escape:·quit·(not·q).···
··················································
·┌─────────────·Text·Input·─────────────┐·········
·│>·H···································│·········
·└──────────────────────────────────────┘·········
·Cursor·style:·SteadyBlock·(Tab·to·cycle)·········
··················································
··················································
··················································
··················································
··················································
··················································
··················································
··················································
··················································
··················································
··················································
··················································
··················································
··················································
··················································
··················································
··················································
