---
source: examples/tests/22_random_tiles.rs
expression: "support::headless_snapshot::<RandomTiles>(2)"
---
|V~#ZB|I#W|S2+?B9Q+-0\LB/2T>7X&OVJ3?4X>3F*-R?PV/*0
PQ+5-C0FF?&B*M~QW3TL97W110#<?DR>\@7GP-%7MZ&UOD/ZVZ
XRW^H#R7*G0W5*@W<E>\P61-FJL58^X89*T1-2G3&BTB/S%A6Y
D~GHUA93+KX\%CBBM90+^9XPZKXS6*%G-3WN1D<-XJS704Y#>V
6*F@4&>9GVZ|-7FPZJ>0GR|0T1HJYIKKX6<&NL\E8E1#4Z&YDI
6>OI\#Q^#9<UO%DMOP\<336QQ&^I&Y+7KR74QR6G6FMF\+#RH>
FN+S7E27XKU%3RG^0<&YI8W6\BA-OMWL&KE0@?W0#3X@8RZMES
6X&/9URDT7?2XL^V28ZK6UOQ-Q>HWZTLQ8O~VD#ACYFJIU?2W&
|UBH%OCP0IELST8^6Z|6L\|HGEJW?Z9D1~<RYGD<E@&&1-YX2V
6/XOGISYHMPOB<UFJ0^KMJ2YA5W7&Q%YBMMK>MYHQE?Z@&&WA\
H~NL\%-RUC58S4@/P74T>5O7+0+Z&X>^*PA\S*K&9M9K\3<N1&
S?2^O<38P8GO-P%%G5<7+8QVXVHKYT|%#Z+&7Q3DY7NK^MX1SU
I|#Q-8Y0N5-01WN2DCW%@G+\T1IW--6C64?SQ4RH07S\<P-NCM
XV5P&N3FD<45/PO24GC-8NHBILDU9V&?#^-UM@?@NOA-P|\C#L
%C^EM1UIB^BUYV30A^7VM>@E+UO2-M1#YWLOH*+PP>A7VF1-E|
JHWBCDL3OZ+-T+/BLULZ<FU0P<T#&CSA-9>^P~JK<PNT49V&43
G8DL&\?D>G1O&|0^+ZRI-J|>1BUG28YTQKGUD>TY7+/5DY2>L-
NC5K8&NTY>STCS7RF*E2P3EK4IJVPTVOGISMHFU3U29?WAWT43
M47/QE<N@69\ALMT0GA9|S*F&<>~#SYJ&4/~~@^5IQTD8J1B8D
?0E%KL^/X8|1H/PR4OWK9>T&U/G5C?<QABCG@HB+J1E8|DHSUW
+L74HFA1EKTU*DE@J+~/F89TUOX@&^4VMGC~A@44+H~TK#>@DW
#XIWFA&^8|5E~Y#X7^*-ERWTGNT-M|-+J&7FKE+>01VKA*+PLO
H18M*||CQ68DKK&9+S+I598O16Z%T~BROWE>BY9P<J+JGI4<I&
R%/WMNBPFOJDD>8%IQIQ*^D5M+>Y^14*R|UF<W2BJUKJ~PI8M1
~EUHF~^GBIS|1W%?GF0<KD9AD+W>J0ZR~FYDFNUUQ?1Z^RBNE>

--- frame ---
TV++L89P?C/H+RE?R~<5TGQFT7S&PJ5J@%A&D0#O#FB\UKLSF%
N\BN/&SZU3FZA@AQ%&&*P&%-Q*NA4A+V>52NCLTS%AMOSJ0I+I
N|%DW5HXIX1D-7+DCMIDSV2^#QQ%AEX?^OP17XCCA<4>+UGF-<
ZT<%ELN^E>#Q0|3B-E>HW91@%BC\BJZPW?Q+?%<I5L^CV2MY*9
T\8^XJIM-HB1F8L\8&~O58N50O3#9*<GSEK^2*-<Y\4N/SE|HW
N&J1@|KO?%^XR+/9Z~<N2ZYN#L*\1PCTT+ZE74S*/~|485Y\TD
WN^3KPX-PHS1TFCU-A&2+I@-2XR|~TXD~-NK/WHC84&6D~L^D%
KC?^&X098FEUHA+2&C<EJ595Z\GDTZ64|BI+LMU@293N2|9\+H
BUG*&D6RMR|-50<&+Y>QA-BLZ\\|TJAB+39#XN0H^^>N6LX06%
3|8#51ZRRVIQWR>XKRZ%Y3~^J1<+T#@LM^98OI1^6O0?P1T4||
+<JJ5&6MHH6IXMC2F11Y-D@%TISG6G4S/%%>*Z^2P~W3#4*ZIP
JP<UX5JB~+EWED~3-#R<N|2BPZD\U4|13^|R3WW1@+\JXC0Y%2
2CW31Z\LQJG0GRPA1SQCJDO1%TS+*L@1I|P6?1J<~+@M@R/@/J
3&O34LMJK^Z+&2C~Z2S4|U4E^~@\XQ-BJNER%FTWL58TK25C~U
Q0%?M1DXMVP&AW#Z~4?--P&>K+\FS2UOC4N7#4ZK\HMZ6CM1%0
#T0~H<DGV32Z|XE5ZFAT6H4#081CFIQYX8MALPD07XP+*T8G07
RYB%4+-/+VLZ><%@P4R~PM#BHJ59%-7IC4YUAYMWW7*~\+57RT
~Z?%NQVHB7Y7Y8%9F?5IZ0J<K32+~BKNJKO^CMNI-59~R|KN88
Z|<2@N4?5K/#*TI>8TTO*7|MD50~/4BAK*22F|+~OG^G#^*?*-
\TO3I3+6OQTF8F4SM50ZU|97R2C*N1@8S\P6X2?H4@?0AKYS#~
F082Y\WZ||&DE7?B\K<DA31T/GZHK/%PB0X#V<QROJ~Z-XI#*S
R864A~^Q<Y|WXSQ1SNR2<*FIM3#K^~|Q1/E\/Z~VXG88SSZUOC
?5>NN~\M>>H-OOU7?Q3QJ%6%DY#/R5HN75XX2S-LI9G1>3?T#9
GZU|ZVIF@*5&1&I/*Q5DK?YZ7YU@3IV75R|UT2YQP9FPT+/7TI
||+7-#J8+V-BJU*V6MH&2<?%-JSI&I+YQ%4*AIQ50WG|\HY366
