---
source: examples/tests/23_burning_keep.rs
expression: "support::headless_snapshot::<BurningKeep>(3)"
---
·A·keep·burns·in·the·night.·······················
··················································
···················░·····················░·░······
········^··················░······················
·······^·^·······▒▒···········▒▒·······░··········
··········--····▒·············▓·▓·················
············--·············░▲▲▲..·········▒·······
·····^········-···▓·········..▲▲.··········▓▓▓····
····^·^········..▲..········█████▒·······▲.^.▲····
···············^.^.▲········█████········..▲▲.····
···············█████········█████········█████····
···············█████^······^█████······.▲█████····
···············█████^······^█████.·····▲.█████····
···············██████··██··██████^·██··███████·█··
·············███████████████████████████████████··
····†███†███████████████████████████████████████··
·███████████████████████████████████████████████··
·██████████████████████†███████████†██████████†██·
·████████████████████████████████████████████████·
·████████████████████████████████████████████████·
·████████████████████████████████████████████████·
·████████████████████████████████████████████████·
··················································
·q·/·Escape·quits.································
··················································

--- frame ---
·A·keep·burns·in·the·night.·······················
··················································
···············░···░··········▒··········░·░░·····
········^··················░······················
·······^·^·······▒▒···········▒········░··········
··········--····▒·············▓·▓·················
············--·············░▲▲...·········▒·······
·····^········-···▓·········..^▲^··········▓▓▓····
····^·^········..^..········█████········▲^▲.^····
···············^^..▲········█████········▲.▲▲.····
···············█████········█████········█████····
···············█████.······▲█████······.^█████····
···············█████.······▲█████.·····^.█████····
···············██████··██··██████.·██··███████·█··
·············███████████████████████████████████··
····†███†███████████████████████████████████████··
·███████████████████████████████████████████████··
·██████████████████████†███████████†██████████†██·
·████████████████████████████████████████████████·
·████████████████████████████████████████████████·
·████████████████████████████████████████████████·
·████████████████████████████████████████████████·
··················································
·q·/·Escape·quits.································
··················································

--- frame ---
·A·keep·burns·in·the·night.·······················
··················································
···············░···░··········▒··········░·░░·····
········^··················░······················
·······^·^·······▒············▒········░··········
··········--····▒···░·········▓·▓·················
············--·············░▲^.^.·········▒·······
·····^········-···▓·········^..^▲··········▓▓▓····
····^·^········▲..^.·······▒█████········.▲▲..····
···············.▲.^.·······▒█████········▲^^^^····
···············█████········█████········█████····
···············█████.······▲█████······▲.█████····
···············█████.······▲█████^·····.^█████····
···············██████··██··██████.·██··███████·█··
·············███████████████████████████████████··
····†███†███████████████████████████████████████··
·███████████████████████████████████████████████··
·██████████████████████†███████████†██████████†██·
·████████████████████████████████████████████████·
·████████████████████████████████████████████████·
·████████████████████████████████████████████████·
·████████████████████████████████████████████████·
··················································
·q·/·Escape·quits.································
··················································
