---
source: examples/tests/24_settings_form.rs
expression: drive(&events)
---
Tab/Shift-Tab,·click·focus.·Enter=save.·Esc=quit.·
Focused:·(none)···································
Inventory:··············┌─────────·Name·─────────┐
Potion··················│Character·name...·······│
Sword···················└────────────────────────┘
Shield··················┌────────·Notes·─────────┐
Torch···················│Notes...················│
Rope····················└────────────────────────┘
Bandage····················Save···················
Map···············································
Iron·Key··········································
··················································
··················································
··················································
··················································
··················································
··················································
··················································
··················································
··················································
··················································
··················································
··················································
··················································
Not·saved·yet.····································

--- frame ---
Tab/Shift-Tab,·click·focus.·Enter=save.·Esc=quit.·
Focused:·Items····································
Inventory:··············┌─────────·Name·─────────┐
Potion··················│Character·name...·······│
Sword···················└────────────────────────┘
Shield··················┌────────·Notes·─────────┐
Torch···················│Notes...················│
Rope····················└────────────────────────┘
Bandage····················Save···················
Map···············································
Iron·Key··········································
··················································
··················································
··················································
··················································
··················································
··················································
··················································
··················································
··················································
··················································
··················································
··················································
··················································
Not·saved·yet.····································

--- frame ---
Tab/Shift-Tab,·click·focus.·Enter=save.·Esc=quit.·
Focused:·Items····································
Inventory:··············┌─────────·Name·─────────┐
Potion··················│Character·name...·······│
Sword···················└────────────────────────┘
Shield··················┌────────·Notes·─────────┐
Torch···················│Notes...················│
Rope····················└────────────────────────┘
Bandage····················Save···················
Map···············································
Iron·Key··········································
··················································
··················································
··················································
··················································
··················································
··················································
··················································
··················································
··················································
··················································
··················································
··················································
··················································
Not·saved·yet.····································

--- frame ---
Tab/Shift-Tab,·click·focus.·Enter=save.·Esc=quit.·
Focused:·Items····································
Inventory:··············┌─────────·Name·─────────┐
Potion··················│Character·name...·······│
Sword···················└────────────────────────┘
Shield··················┌────────·Notes·─────────┐
Torch···················│Notes...················│
Rope····················└────────────────────────┘
Bandage····················Save···················
Map···············································
Iron·Key··········································
··················································
··················································
··················································
··················································
··················································
··················································
··················································
··················································
··················································
··················································
··················································
··················································
··················································
Not·saved·yet.····································

--- frame ---
Tab/Shift-Tab,·click·focus.·Enter=save.·Esc=quit.·
Focused:·Items····································
Inventory:··············┌─────────·Name·─────────┐
Potion··················│Character·name...·······│
Sword···················└────────────────────────┘
Shield··················┌────────·Notes·─────────┐
Torch···················│Notes...················│
Rope····················└────────────────────────┘
Bandage····················Save···················
Map···············································
Iron·Key··········································
··················································
··················································
··················································
··················································
··················································
··················································
··················································
··················································
··················································
··················································
··················································
··················································
··················································
Not·saved·yet.····································

--- frame ---
Tab/Shift-Tab,·click·focus.·Enter=save.·Esc=quit.·
Focused:·Name·····································
Inventory:··············┌─────────·Name·─────────┐
Potion··················│Ada·····················│
Sword···················└────────────────────────┘
Shield··················┌────────·Notes·─────────┐
Torch···················│Notes...················│
Rope····················└────────────────────────┘
Bandage····················Save···················
Map···············································
Iron·Key··········································
··················································
··················································
··················································
··················································
··················································
··················································
··················································
··················································
··················································
··················································
··················································
··················································
··················································
Not·saved·yet.····································

--- frame ---
Tab/Shift-Tab,·click·focus.·Enter=save.·Esc=quit.·
Focused:·Notes····································
Inventory:··············┌─────────·Name·─────────┐
Potion··················│Ada·····················│
Sword···················└────────────────────────┘
Shield··················┌────────·Notes·─────────┐
Torch···················│Notes...················│
Rope····················└────────────────────────┘
Bandage····················Save···················
Map···············································
Iron·Key··········································
··················································
··················································
··················································
··················································
··················································
··················································
··················································
··················································
··················································
··················································
··················································
··················································
··················································
Not·saved·yet.····································

--- frame ---
Tab/Shift-Tab,·click·focus.·Enter=save.·Esc=quit.·
Focused:·Notes····································
Inventory:··············┌─────────·Name·─────────┐
Potion··················│Ada·····················│
Sword···················└────────────────────────┘
Shield··················┌────────·Notes·─────────┐
Torch···················│Hero····················│
Rope····················└────────────────────────┘
Bandage····················Save···················
Map···············································
Iron·Key··········································
··················································
··················································
··················································
··················································
··················································
··················································
··················································
··················································
··················································
··················································
··················································
··················································
··················································
Not·saved·yet.····································

--- frame ---
Tab/Shift-Tab,·click·focus.·Enter=save.·Esc=quit.·
Focused:·Notes····································
Inventory:··············┌─────────·Name·─────────┐
Potion··················│Ada·····················│
Sword···················└────────────────────────┘
Shield··················┌────────·Notes·─────────┐
Torch···················│Hero····················│
Rope····················└────────────────────────┘
Bandage····················Save···················
Map···············································
Iron·Key··········································
··················································
··················································
··················································
··················································
··················································
··················································
··················································
··················································
··················································
··················································
··················································
··················································
··················································
Not·saved·yet.····································

--- frame ---
Tab/Shift-Tab,·click·focus.·Enter=save.·Esc=quit.·
Focused:·Notes····································
Inventory:··············┌─────────·Name·─────────┐
Potion··················│Ada·····················│
Sword···················└────────────────────────┘
Shield··················┌────────·Notes·─────────┐
Torch···················│Hero····················│
Rope····················└────────────────────────┘
Bandage····················Save···················
Map···············································
Iron·Key··········································
··················································
··················································
··················································
··················································
··················································
··················································
··················································
··················································
··················································
··················································
··················································
··················································
··················································
Saved:·name="Ada"·notes="Hero"·item="Sword"·······
